 networkmonitor

 Timestamp is 659f269a (Thu Jan 11 00:22:02 2024)

 Preferred load address is 0000000180000000

 Start         Length     Name                   Class
 0001:00000000 0000bcc0H .text$mn                CODE
 0001:0000bcc0 00000040H .text$mn$00             CODE
 0001:0000bd00 000002e0H .text$x                 CODE
 0002:00000000 000002e0H .idata$5                DATA
 0002:000002e0 00000038H .00cfg                  DATA
 0002:00000318 00000008H .CRT$XCA                DATA
 0002:00000320 00000008H .CRT$XCU                DATA
 0002:00000328 00000008H .CRT$XCZ                DATA
 0002:00000330 00000008H .CRT$XIA                DATA
 0002:00000338 00000018H .CRT$XIC                DATA
 0002:00000350 00000008H .CRT$XIZ                DATA
 0002:00000358 00000008H .CRT$XPA                DATA
 0002:00000360 00000010H .CRT$XPX                DATA
 0002:00000370 00000008H .CRT$XPXA               DATA
 0002:00000378 00000008H .CRT$XPZ                DATA
 0002:00000380 00000008H .CRT$XTA                DATA
 0002:00000388 00000008H .CRT$XTZ                DATA
 0002:00000390 00000000H .gehcont$y              DATA
 0002:00000390 00000000H .gfids$y                DATA
 0002:00000390 00007770H .rdata                  DATA
 0002:00007b00 00000000H .rdata$CastGuardVftablesA DATA
 0002:00007b00 00000000H .rdata$CastGuardVftablesC DATA
 0002:00007b00 000001f4H .rdata$r                DATA
 0002:00007cf4 000000c8H .rdata$voltmd           DATA
 0002:00007dbc 0000038cH .rdata$zzzdbg           DATA
 0002:00008148 00000008H .rtc$IAA                DATA
 0002:00008150 00000008H .rtc$IZZ                DATA
 0002:00008158 00000008H .rtc$TAA                DATA
 0002:00008160 00000008H .rtc$TZZ                DATA
 0002:00008168 00000c08H .xdata                  DATA
 0002:00008d70 000000f0H .xdata$x                DATA
 0002:00008e60 00000060H .edata                  DATA
 0002:00008ec0 0000003cH .idata$2                DATA
 0002:00008efc 00000014H .idata$3                DATA
 0002:00008f10 000002e0H .idata$4                DATA
 0002:000091f0 00000728H .idata$6                DATA
 0003:00000000 00000a28H .data                   DATA
 0003:00000a28 00000080H .data$r                 DATA
 0003:00000aa8 00000028H .data$rs                DATA
 0003:00000ad0 000011c8H .bss                    DATA
 0004:00000000 00000e7cH .pdata                  DATA
 0005:00000000 0000015cH _RDATA                  DATA
 0006:00000000 00000060H .rsrc$01                DATA
 0006:00000060 00000180H .rsrc$02                DATA

  Address         Publics by Value              Rva+Base               Lib:Object

 0000:00000000       __AbsoluteZero             0000000000000000     <absolute>
 0000:00000000       ___safe_se_handler_count   0000000000000000     <absolute>
 0000:00000000       ___safe_se_handler_table   0000000000000000     <absolute>
 0000:00000000       __arm64x_extra_rfe_table   0000000000000000     <absolute>
 0000:00000000       __arm64x_extra_rfe_table_size 0000000000000000     <absolute>
 0000:00000000       __arm64x_native_entrypoint 0000000000000000     <absolute>
 0000:00000000       __arm64x_redirection_metadata 0000000000000000     <absolute>
 0000:00000000       __arm64x_redirection_metadata_count 0000000000000000     <absolute>
 0000:00000000       __dynamic_value_reloc_table 0000000000000000     <absolute>
 0000:00000000       __enclave_config           0000000000000000     <absolute>
 0000:00000000       __guard_check_icall_a64n_fptr 0000000000000000     <absolute>
 0000:00000000       __guard_eh_cont_count      0000000000000000     <absolute>
 0000:00000000       __guard_eh_cont_table      0000000000000000     <absolute>
 0000:00000000       __guard_fids_count         0000000000000000     <absolute>
 0000:00000000       __guard_fids_table         0000000000000000     <absolute>
 0000:00000000       __guard_iat_count          0000000000000000     <absolute>
 0000:00000000       __guard_iat_table          0000000000000000     <absolute>
 0000:00000000       __guard_longjmp_count      0000000000000000     <absolute>
 0000:00000000       __guard_longjmp_table      0000000000000000     <absolute>
 0000:00000000       __hybrid_auxiliary_iat     0000000000000000     <absolute>
 0000:00000000       __hybrid_auxiliary_iat_copy 0000000000000000     <absolute>
 0000:00000000       __hybrid_code_map          0000000000000000     <absolute>
 0000:00000000       __hybrid_code_map_count    0000000000000000     <absolute>
 0000:00000000       __x64_code_ranges_to_entry_points 0000000000000000     <absolute>
 0000:00000000       __x64_code_ranges_to_entry_points_count 0000000000000000     <absolute>
 0000:00000100       __guard_flags              0000000000000100     <absolute>
 0000:00000000       __ImageBase                0000000180000000     <linker-defined>
 0001:00000000       ?New@Error@Napi@@SA?AV12@PEAUnapi_env__@@@Z 0000000180001000 f i networkMonitor.obj
 0001:000001e0       ?ThrowAsJavaScriptException@Error@Napi@@QEBAXXZ 00000001800011e0 f i networkMonitor.obj
 0001:000003d0       ??0CallbackInfo@Napi@@QEAA@PEAUnapi_env__@@PEAUnapi_callback_info__@@@Z 00000001800013d0 f i networkMonitor.obj
 0001:000005a0       ?IsInternetConnectedWrapped@@YA?AVBoolean@Napi@@AEBVCallbackInfo@2@@Z 00000001800015a0 f   networkMonitor.obj
 0001:000006a0       ?Init@@YA?AVObject@Napi@@VEnv@2@V12@@Z 00000001800016a0 f   networkMonitor.obj
 0001:00000a10       ?Wrapper@?$CallbackData@P6A?AVBoolean@Napi@@AEBVCallbackInfo@2@@ZV12@@details@Napi@@SAPEAUnapi_value__@@PEAUnapi_env__@@PEAUnapi_callback_info__@@@Z 0000000180001a10 f i networkMonitor.obj
 0001:00000a90       __security_check_cookie    0000000180001a90 f   LIBCMT:amdsecgs.obj
 0001:00000ab0       ??3@YAXPEAX_K@Z            0000000180001ab0 f   LIBCMT:delete_scalar_size.obj
 0001:00000ab0       ??_V@YAXPEAX@Z             0000000180001ab0 f   LIBCMT:delete_array.obj
 0001:00000ab8       ??2@YAPEAX_K@Z             0000000180001ab8 f   LIBCMT:new_scalar.obj
 0001:00000af4       ??_U@YAPEAX_K@Z            0000000180001af4 f   LIBCMT:new_array.obj
 0001:00000e1c       _DllMainCRTStartup         0000000180001e1c f   LIBCMT:dll_dllmain.obj
 0001:00000e5c       __raise_securityfailure    0000000180001e5c f   LIBCMT:gs_report.obj
 0001:00000e90       __report_gsfailure         0000000180001e90 f   LIBCMT:gs_report.obj
 0001:00000f64       __report_rangecheckfailure 0000000180001f64 f   LIBCMT:gs_report.obj
 0001:00000f78       __report_securityfailure   0000000180001f78 f   LIBCMT:gs_report.obj
 0001:000010f8       ??3@YAXPEAX@Z              00000001800020f8 f   LIBCMT:delete_scalar.obj
 0001:00001100       ??0bad_alloc@std@@QEAA@AEBV01@@Z 0000000180002100 f i LIBCMT:throw_bad_alloc.obj
 0001:0000113c       ??0bad_alloc@std@@QEAA@XZ  000000018000213c f i LIBCMT:throw_bad_alloc.obj
 0001:0000115c       ??0bad_array_new_length@std@@QEAA@AEBV01@@Z 000000018000215c f i LIBCMT:throw_bad_alloc.obj
 0001:00001198       ??0bad_array_new_length@std@@QEAA@XZ 0000000180002198 f i LIBCMT:throw_bad_alloc.obj
 0001:000011b8       ??0exception@std@@QEAA@AEBV01@@Z 00000001800021b8 f i LIBCMT:throw_bad_alloc.obj
 0001:000011ec       ??1bad_alloc@std@@UEAA@XZ  00000001800021ec f i LIBCMT:throw_bad_alloc.obj
 0001:000011ec       ??1bad_array_new_length@std@@UEAA@XZ 00000001800021ec f i LIBCMT:throw_bad_alloc.obj
 0001:00001200       ??_Ebad_alloc@std@@UEAAPEAXI@Z 0000000180002200 f i LIBCMT:throw_bad_alloc.obj
 0001:00001200       ??_Ebad_array_new_length@std@@UEAAPEAXI@Z 0000000180002200 f i LIBCMT:throw_bad_alloc.obj
 0001:00001200       ??_Eexception@std@@UEAAPEAXI@Z 0000000180002200 f i LIBCMT:throw_bad_alloc.obj
 0001:00001200       ??_Gbad_alloc@std@@UEAAPEAXI@Z 0000000180002200 f i LIBCMT:throw_bad_alloc.obj
 0001:00001200       ??_Gbad_array_new_length@std@@UEAAPEAXI@Z 0000000180002200 f i LIBCMT:throw_bad_alloc.obj
 0001:00001200       ??_Gexception@std@@UEAAPEAXI@Z 0000000180002200 f i LIBCMT:throw_bad_alloc.obj
 0001:00001244       ?__scrt_throw_std_bad_alloc@@YAXXZ 0000000180002244 f   LIBCMT:throw_bad_alloc.obj
 0001:00001264       ?__scrt_throw_std_bad_array_new_length@@YAXXZ 0000000180002264 f   LIBCMT:throw_bad_alloc.obj
 0001:00001284       ?what@exception@std@@UEBAPEBDXZ 0000000180002284 f i LIBCMT:throw_bad_alloc.obj
 0001:00001298       __security_init_cookie     0000000180002298 f   LIBCMT:gs_support.obj
 0001:00001344       DllMain                    0000000180002344 f   LIBCMT:dll_dllmain_stub.obj
 0001:00001344       _get_startup_argv_mode     0000000180002344 f   LIBCMT:argv_mode.obj
 0001:0000134c       ?__scrt_initialize_type_info@@YAXXZ 000000018000234c f   LIBCMT:tncleanup.obj
 0001:0000135c       ?__scrt_uninitialize_type_info@@YAXXZ 000000018000235c f   LIBCMT:tncleanup.obj
 0001:00001368       __local_stdio_printf_options 0000000180002368 f i LIBCMT:default_local_stdio_options.obj
 0001:00001370       __local_stdio_scanf_options 0000000180002370 f i LIBCMT:default_local_stdio_options.obj
 0001:00001378       __scrt_initialize_default_local_stdio_options 0000000180002378 f   LIBCMT:default_local_stdio_options.obj
 0001:00001394       __scrt_acquire_startup_lock 0000000180002394 f   LIBCMT:utility.obj
 0001:000013d0       __scrt_dllmain_after_initialize_c 00000001800023d0 f   LIBCMT:utility.obj
 0001:00001404       __scrt_dllmain_before_initialize_c 0000000180002404 f   LIBCMT:utility.obj
 0001:0000141c       __scrt_dllmain_crt_thread_attach 000000018000241c f   LIBCMT:utility.obj
 0001:00001444       __scrt_dllmain_crt_thread_detach 0000000180002444 f   LIBCMT:utility.obj
 0001:0000145c       __scrt_dllmain_exception_filter 000000018000245c f   LIBCMT:utility.obj
 0001:000014bc       __scrt_dllmain_uninitialize_c 00000001800024bc f   LIBCMT:utility.obj
 0001:000014ec       __scrt_dllmain_uninitialize_critical 00000001800024ec f   LIBCMT:utility.obj
 0001:00001500       __scrt_initialize_crt      0000000180002500 f   LIBCMT:utility.obj
 0001:0000154c       __scrt_initialize_onexit_tables 000000018000254c f   LIBCMT:utility.obj
 0001:000015d8       __scrt_is_nonwritable_in_current_image 00000001800025d8 f   LIBCMT:utility.obj
 0001:00001670       __scrt_release_startup_lock 0000000180002670 f   LIBCMT:utility.obj
 0001:00001694       __scrt_uninitialize_crt    0000000180002694 f   LIBCMT:utility.obj
 0001:000016c0       __scrt_get_dyn_tls_init_callback 00000001800026c0 f   LIBCMT:dyn_tls_init.obj
 0001:000016c8       __crt_debugger_hook        00000001800026c8 f   LIBCMT:utility_desktop.obj
 0001:000016d0       __scrt_fastfail            00000001800026d0 f   LIBCMT:utility_desktop.obj
 0001:0000181c       _RTC_Initialize            000000018000281c f   LIBCMT:initsect.obj
 0001:00001858       _RTC_Terminate             0000000180002858 f   LIBCMT:initsect.obj
 0001:00001894       _guard_check_icall_nop     0000000180002894 f i LIBCMT:guard_support.obj
 0001:00001898       ??_Etype_info@@UEAAPEAXI@Z 0000000180002898 f i LIBCMT:std_type_info_static.obj
 0001:00001898       ??_Gtype_info@@UEAAPEAXI@Z 0000000180002898 f i LIBCMT:std_type_info_static.obj
 0001:000018c4       __isa_available_init       00000001800028c4 f   LIBCMT:cpu_disp.obj
 0001:00001a70       __scrt_is_ucrt_dll_in_use  0000000180002a70 f   LIBCMT:ucrt_detection.obj
 0001:00001a80       __C_specific_handler       0000000180002a80 f   libvcruntime:riscchandler.obj
 0001:00001c78       __std_exception_copy       0000000180002c78 f   libvcruntime:std_exception.obj
 0001:00001d08       __std_exception_destroy    0000000180002d08 f   libvcruntime:std_exception.obj
 0001:00001d30       _CxxThrowException         0000000180002d30 f   libvcruntime:throw.obj
 0001:00001dd0       __std_type_info_destroy_list 0000000180002dd0 f   libvcruntime:std_type_info.obj
 0001:00001dfc       __vcrt_initialize          0000000180002dfc f   libvcruntime:initialization.obj
 0001:00001e24       __vcrt_thread_attach       0000000180002e24 f   libvcruntime:initialization.obj
 0001:00001e38       __vcrt_thread_detach       0000000180002e38 f   libvcruntime:initialization.obj
 0001:00001e4c       __vcrt_uninitialize        0000000180002e4c f   libvcruntime:initialization.obj
 0001:00001e68       __vcrt_uninitialize_critical 0000000180002e68 f   libvcruntime:initialization.obj
 0001:00001e78       __DestructExceptionObject  0000000180002e78 f   libvcruntime:ehhelpers.obj
 0001:00001ee8       ?_CallMemberFunction0@@YAXQEAX0@Z 0000000180002ee8 f i libvcruntime:ehhelpers.obj
 0001:00001f00       memset_repstos             0000000180002f00 f   libvcruntime:memset.obj
 0001:00001f20       memset                     0000000180002f20 f   libvcruntime:memset.obj
 0001:000022c0       _NLG_Notify                00000001800032c0 f   libvcruntime:notify.obj
 0001:000022e0       __NLG_Dispatch2            00000001800032e0 f   libvcruntime:notify.obj
 0001:000022f0       __NLG_Return2              00000001800032f0 f   libvcruntime:notify.obj
 0001:000022f4       __except_validate_context_record 00000001800032f4 f   libvcruntime:jbcxrval.obj
 0001:0000232c       __vcrt_freefls             000000018000332c f   libvcruntime:per_thread_data.obj
 0001:0000234c       __vcrt_freeptd             000000018000334c f   libvcruntime:per_thread_data.obj
 0001:0000239c       __vcrt_getptd              000000018000339c f   libvcruntime:per_thread_data.obj
 0001:000023b8       __vcrt_getptd_noexit       00000001800033b8 f   libvcruntime:per_thread_data.obj
 0001:00002478       __vcrt_initialize_ptd      0000000180003478 f   libvcruntime:per_thread_data.obj
 0001:000024c0       __vcrt_uninitialize_ptd    00000001800034c0 f   libvcruntime:per_thread_data.obj
 0001:000024e4       __vcrt_initialize_locks    00000001800034e4 f   libvcruntime:locks.obj
 0001:0000252c       __vcrt_uninitialize_locks  000000018000352c f   libvcruntime:locks.obj
 0001:00002580       memcpy_repmovs             0000000180003580 f   libvcruntime:memcpy.obj
 0001:000025a0       memcpy                     00000001800035a0 f   libvcruntime:memcpy.obj
 0001:000025a0       memmove                    00000001800035a0 f   libvcruntime:memcpy.obj
 0001:00002d68       __vcrt_FlsAlloc            0000000180003d68 f   libvcruntime:winapi_downlevel.obj
 0001:00002db0       __vcrt_FlsFree             0000000180003db0 f   libvcruntime:winapi_downlevel.obj
 0001:00002df8       __vcrt_FlsGetValue         0000000180003df8 f   libvcruntime:winapi_downlevel.obj
 0001:00002e40       __vcrt_FlsSetValue         0000000180003e40 f   libvcruntime:winapi_downlevel.obj
 0001:00002e94       __vcrt_InitializeCriticalSectionEx 0000000180003e94 f   libvcruntime:winapi_downlevel.obj
 0001:00002f10       _CallSettingFrame          0000000180003f10 f   libvcruntime:handlers.obj
 0001:00002f60       _CallSettingFrame_LookupContinuationIndex 0000000180003f60 f   libvcruntime:handlers.obj
 0001:00002f90       _CallSettingFrame_NotifyContinuationAddr 0000000180003f90 f   libvcruntime:handlers.obj
 0001:00002fc0       _CallSettingFrameEncoded   0000000180003fc0 f   libvcruntime:handlers.obj
 0001:00003008       ??0_LocaleUpdate@@QEAA@QEAU__crt_locale_pointers@@@Z 0000000180004008 f i libucrt:stricmp.obj
 0001:000030a4       __acrt_call_reportfault    00000001800040a4 f   libucrt:invalid_parameter.obj
 0001:00003200       __acrt_initialize_invalid_parameter_handler 0000000180004200 f   libucrt:invalid_parameter.obj
 0001:00003208       _invalid_parameter         0000000180004208 f   libucrt:invalid_parameter.obj
 0001:000032b8       _invalid_parameter_noinfo  00000001800042b8 f   libucrt:invalid_parameter.obj
 0001:000032d8       _invalid_parameter_noinfo_noreturn 00000001800042d8 f   libucrt:invalid_parameter.obj
 0001:00003308       _invoke_watson             0000000180004308 f   libucrt:invalid_parameter.obj
 0001:00003350       __acrt_initialize_new_handler 0000000180004350 f   libucrt:new_handler.obj
 0001:00003358       _callnewh                  0000000180004358 f   libucrt:new_handler.obj
 0001:00003388       _query_new_handler         0000000180004388 f   libucrt:new_handler.obj
 0001:000033bc       malloc                     00000001800043bc f   libucrt:malloc.obj
 0001:000033c4       _initterm                  00000001800043c4 f   libucrt:initterm.obj
 0001:00003428       _initterm_e                0000000180004428 f   libucrt:initterm.obj
 0001:00003468       free                       0000000180004468 f   libucrt:free.obj
 0001:0000347c       _seh_filter_dll            000000018000447c f   libucrt:exception_filter.obj
 0001:00003490       _seh_filter_exe            0000000180004490 f   libucrt:exception_filter.obj
 0001:00003880       __acrt_initialize_thread_local_exit_callback 0000000180004880 f   libucrt:exit.obj
 0001:00003888       _cexit                     0000000180004888 f   libucrt:exit.obj
 0001:00003898       _exit                      0000000180004898 f   libucrt:exit.obj
 0001:000038a4       _is_c_termination_complete 00000001800048a4 f   libucrt:exit.obj
 0001:00003a6c       __acrt_allocate_buffer_for_argv 0000000180004a6c f   libucrt:argv_parsing.obj
 0001:00003acc       _configure_narrow_argv     0000000180004acc f   libucrt:argv_parsing.obj
 0001:00003e44       __dcrt_uninitialize_environments_nolock 0000000180004e44 f   libucrt:environment_initialization.obj
 0001:00003e7c       _initialize_narrow_environment 0000000180004e7c f   libucrt:environment_initialization.obj
 0001:00003fd8       _execute_onexit_table      0000000180004fd8 f   libucrt:onexit.obj
 0001:00004014       _initialize_onexit_table   0000000180005014 f   libucrt:onexit.obj
 0001:00004074       __acrt_uninitialize_command_line 0000000180005074 f   libucrt:argv_data.obj
 0001:0000416c       __acrt_initialize          000000018000516c f   libucrt:initialization.obj
 0001:00004180       __acrt_thread_attach       0000000180005180 f   libucrt:initialization.obj
 0001:00004194       __acrt_thread_detach       0000000180005194 f   libucrt:initialization.obj
 0001:000041a4       __acrt_uninitialize        00000001800051a4 f   libucrt:initialization.obj
 0001:000041dc       __acrt_uninitialize_critical 00000001800051dc f   libucrt:initialization.obj
 0001:000041ec       terminate                  00000001800051ec f   libucrt:terminate.obj
 0001:0000420c       strcpy_s                   000000018000520c f   libucrt:strcpy_s.obj
 0001:0000426c       abort                      000000018000526c f   libucrt:abort.obj
 0001:000042e0       strncmp                    00000001800052e0 f   libucrt:strncmp.obj
 0001:00004360       calloc                     0000000180005360 f   libucrt:calloc.obj
 0001:00004368       wcsncmp                    0000000180005368 f   libucrt:wcsncmp.obj
 0001:00004394       __acrt_errno_from_os_error 0000000180005394 f   libucrt:errno.obj
 0001:000043dc       __acrt_errno_map_os_error  00000001800053dc f   libucrt:errno.obj
 0001:0000442c       __doserrno                 000000018000542c f   libucrt:errno.obj
 0001:0000444c       _errno                     000000018000544c f   libucrt:errno.obj
 0001:000047e4       __acrt_freeptd             00000001800057e4 f   libucrt:per_thread_data.obj
 0001:00004828       __acrt_getptd              0000000180005828 f   libucrt:per_thread_data.obj
 0001:000048fc       __acrt_getptd_head         00000001800058fc f   libucrt:per_thread_data.obj
 0001:000049a4       __acrt_getptd_noexit       00000001800059a4 f   libucrt:per_thread_data.obj
 0001:00004a70       __acrt_initialize_ptd      0000000180005a70 f   libucrt:per_thread_data.obj
 0001:00004aac       __acrt_uninitialize_ptd    0000000180005aac f   libucrt:per_thread_data.obj
 0001:00004ad0       __acrt_update_locale_info  0000000180005ad0 f   libucrt:locale_update.obj
 0001:00004b04       __acrt_update_multibyte_info 0000000180005b04 f   libucrt:locale_update.obj
 0001:00004ba8       __acrt_set_locale_changed  0000000180005ba8 f   libucrt:wsetlocale.obj
 0001:00004bb4       __acrt_uninitialize_locale 0000000180005bb4 f   libucrt:wsetlocale.obj
 0001:00004be4       __acrt_initialize_locks    0000000180005be4 f   libucrt:locks.obj
 0001:00004c2c       __acrt_lock                0000000180005c2c f   libucrt:locks.obj
 0001:00004c48       __acrt_uninitialize_locks  0000000180005c48 f   libucrt:locks.obj
 0001:00004c80       __acrt_unlock              0000000180005c80 f   libucrt:locks.obj
 0001:00004c9c       _malloc_base               0000000180005c9c f   libucrt:malloc_base.obj
 0001:00004cfc       _free_base                 0000000180005cfc f   libucrt:free_base.obj
 0001:00004d3c       __acrt_get_process_end_policy 0000000180005d3c f   libucrt:win_policies.obj
 0001:00004d78       _calloc_base               0000000180005d78 f   libucrt:calloc_base.obj
 0001:00004e04       ??$__acrt_mbs_to_wcs_cp@U__crt_win32_buffer_internal_dynamic_resizing@@@@YAHQEBDAEAV?$__crt_win32_buffer@_WU__crt_win32_buffer_internal_dynamic_resizing@@@@I@Z 0000000180005e04 f i libucrt:argv_wildcards.obj
 0001:00004f7c       ??$__acrt_wcs_to_mbs_cp@U__crt_win32_buffer_internal_dynamic_resizing@@@@YAHQEB_WAEAV?$__crt_win32_buffer@DU__crt_win32_buffer_internal_dynamic_resizing@@@@I@Z 0000000180005f7c f i libucrt:argv_wildcards.obj
 0001:000057ac       __acrt_expand_narrow_argv_wildcards 00000001800067ac f   libucrt:argv_wildcards.obj
 0001:000057b4       ??$__acrt_wcs_to_mbs_cp@U__crt_win32_buffer_no_resizing@@@@YAHQEB_WAEAV?$__crt_win32_buffer@DU__crt_win32_buffer_no_resizing@@@@I@Z 00000001800067b4 f i libucrt:getmodulefilenamea.obj
 0001:000058c8       __acrt_GetModuleFileNameA  00000001800068c8 f   libucrt:getmodulefilenamea.obj
 0001:00006110       __acrt_initialize_multibyte 0000000180007110 f   libucrt:mbctype.obj
 0001:00006170       __acrt_update_thread_multibyte_data 0000000180007170 f   libucrt:mbctype.obj
 0001:0000618c       _setmbcp_nolock            000000018000718c f   libucrt:mbctype.obj
 0001:000064c0       _ismbblead                 00000001800074c0 f   libucrt:ismbbyte.obj
 0001:000064d4       __acrt_initialize_command_line 00000001800074d4 f   libucrt:argv_data.obj
 0001:000064fc       __acrt_MultiByteToWideChar 00000001800074fc f   libucrt:multibytetowidechar.obj
 0001:00006558       __acrt_WideCharToMultiByte 0000000180007558 f   libucrt:widechartomultibyte.obj
 0001:00006608       __dcrt_get_narrow_environment_from_os 0000000180007608 f   libucrt:get_environment_from_os.obj
 0001:0000670c       _recalloc_base             000000018000770c f   libucrt:recalloc.obj
 0001:0000697c       __acrt_AppPolicyGetProcessTerminationMethodInternal 000000018000797c f   libucrt:winapi_thunks.obj
 0001:000069cc       __acrt_AreFileApisANSI     00000001800079cc f   libucrt:winapi_thunks.obj
 0001:00006a08       __acrt_FlsAlloc            0000000180007a08 f   libucrt:winapi_thunks.obj
 0001:00006a50       __acrt_FlsFree             0000000180007a50 f   libucrt:winapi_thunks.obj
 0001:00006a98       __acrt_FlsGetValue         0000000180007a98 f   libucrt:winapi_thunks.obj
 0001:00006ae0       __acrt_FlsSetValue         0000000180007ae0 f   libucrt:winapi_thunks.obj
 0001:00006b34       __acrt_InitializeCriticalSectionEx 0000000180007b34 f   libucrt:winapi_thunks.obj
 0001:00006b98       __acrt_LCMapStringEx       0000000180007b98 f   libucrt:winapi_thunks.obj
 0001:00006c74       __acrt_LocaleNameToLCID    0000000180007c74 f   libucrt:winapi_thunks.obj
 0001:00006cc4       __acrt_initialize_winapi_thunks 0000000180007cc4 f   libucrt:winapi_thunks.obj
 0001:00006cf8       __acrt_uninitialize_winapi_thunks 0000000180007cf8 f   libucrt:winapi_thunks.obj
 0001:00006d3c       __acrt_initialize_heap     0000000180007d3c f   libucrt:heap_handle.obj
 0001:00006d58       __acrt_uninitialize_heap   0000000180007d58 f   libucrt:heap_handle.obj
 0001:00006f60       __acrt_initialize_lowio    0000000180007f60 f   libucrt:ioinit.obj
 0001:00006f9c       __acrt_uninitialize_lowio  0000000180007f9c f   libucrt:ioinit.obj
 0001:00006fdc       __acrt_execute_initializers 0000000180007fdc f   libucrt:shared_initialization.obj
 0001:0000705c       __acrt_execute_uninitializers 000000018000805c f   libucrt:shared_initialization.obj
 0001:000070e0       __acrt_get_sigabrt_handler 00000001800080e0 f   libucrt:signal.obj
 0001:00007110       __acrt_initialize_signal_handlers 0000000180008110 f   libucrt:signal.obj
 0001:00007130       raise                      0000000180008130 f   libucrt:signal.obj
 0001:0000739c       __acrt_has_user_matherr    000000018000839c f   libucrt:matherr.obj
 0001:000073bc       __acrt_initialize_user_matherr 00000001800083bc f   libucrt:matherr.obj
 0001:000073c4       __acrt_invoke_user_matherr 00000001800083c4 f   libucrt:matherr.obj
 0001:000075d0       __acrt_stdio_flush_nolock  00000001800085d0 f   libucrt:fflush.obj
 0001:0000764c       _fflush_nolock             000000018000864c f   libucrt:fflush.obj
 0001:00007698       _flushall                  0000000180008698 f   libucrt:fflush.obj
 0001:000076a0       __acrt_initialize_stdio    00000001800086a0 f   libucrt:_file.obj
 0001:000077c0       __acrt_uninitialize_stdio  00000001800087c0 f   libucrt:_file.obj
 0001:0000781c       _lock_file                 000000018000881c f   libucrt:_file.obj
 0001:00007828       _unlock_file               0000000180008828 f   libucrt:_file.obj
 0001:00007834       _mbtowc_l                  0000000180008834 f   libucrt:mbtowc.obj
 0001:000079b4       mbtowc                     00000001800089b4 f   libucrt:mbtowc.obj
 0001:000079bc       _fileno                    00000001800089bc f   libucrt:fileno.obj
 0001:000079e4       __pctype_func              00000001800089e4 f   libucrt:ctype.obj
 0001:00007a14       __acrt_add_locale_ref      0000000180008a14 f   libucrt:locale_refcounting.obj
 0001:00007aa0       __acrt_free_locale         0000000180008aa0 f   libucrt:locale_refcounting.obj
 0001:00007c18       __acrt_locale_add_lc_time_reference 0000000180008c18 f   libucrt:locale_refcounting.obj
 0001:00007c40       __acrt_locale_free_lc_time_if_unreferenced 0000000180008c40 f   libucrt:locale_refcounting.obj
 0001:00007c78       __acrt_locale_release_lc_time_reference 0000000180008c78 f   libucrt:locale_refcounting.obj
 0001:00007ca0       __acrt_release_locale_ref  0000000180008ca0 f   libucrt:locale_refcounting.obj
 0001:00007d48       __acrt_update_thread_locale_data 0000000180008d48 f   libucrt:locale_refcounting.obj
 0001:00007db8       _updatetlocinfoEx_nolock   0000000180008db8 f   libucrt:locale_refcounting.obj
 0001:00007e20       __acrt_locale_free_monetary 0000000180008e20 f   libucrt:initmon.obj
 0001:00007f2c       __acrt_locale_free_numeric 0000000180008f2c f   libucrt:initnum.obj
 0001:00007ff0       __acrt_locale_free_time    0000000180008ff0 f   libucrt:inittime.obj
 0001:000080f8       __acrt_GetStringTypeA      00000001800090f8 f   libucrt:getstringtypea.obj
 0001:00008288       _query_new_mode            0000000180009288 f   libucrt:new_mode.obj
 0001:00008290       qsort                      0000000180009290 f   libucrt:qsort.obj
 0001:00008630       strncpy_s                  0000000180009630 f   libucrt:strncpy_s.obj
 0001:000087b0       strpbrk                    00000001800097b0 f   libucrt:strpbrk.obj
 0001:00008b78       _mbsdec                    0000000180009b78 f   libucrt:mbsdec.obj
 0001:00008b80       _mbsdec_l                  0000000180009b80 f   libucrt:mbsdec.obj
 0001:00008f2c       __acrt_LCMapStringA        0000000180009f2c f   libucrt:lcmapstringa.obj
 0001:00008fdc       _msize_base                0000000180009fdc f   libucrt:msize.obj
 0001:00009018       _realloc_base              000000018000a018 f   libucrt:realloc_base.obj
 0001:00009094       __acrt_DownlevelLocaleNameToLCID 000000018000a094 f   libucrt:lcidtoname_downlevel.obj
 0001:00009144       __acrt_lowio_create_handle_array 000000018000a144 f   libucrt:osfinfo.obj
 0001:000091ec       __acrt_lowio_destroy_handle_array 000000018000a1ec f   libucrt:osfinfo.obj
 0001:0000923c       __acrt_lowio_ensure_fh_exists 000000018000a23c f   libucrt:osfinfo.obj
 0001:000092e4       __acrt_lowio_lock_fh       000000018000a2e4 f   libucrt:osfinfo.obj
 0001:0000930c       __acrt_lowio_unlock_fh     000000018000a30c f   libucrt:osfinfo.obj
 0001:00009334       _free_osfhnd               000000018000a334 f   libucrt:osfinfo.obj
 0001:000093f0       _get_osfhandle             000000018000a3f0 f   libucrt:osfinfo.obj
 0001:000094f4       _commit                    000000018000a4f4 f   libucrt:commit.obj
 0001:00009e04       _write                     000000018000ae04 f   libucrt:write.obj
 0001:00009ef0       _write_nolock              000000018000aef0 f   libucrt:write.obj
 0001:0000a1d4       _fcloseall                 000000018000b1d4 f   libucrt:closeall.obj
 0001:0000a288       __acrt_stdio_free_buffer_nolock 000000018000b288 f   libucrt:_freebuf.obj
 0001:0000a2c8       _isatty                    000000018000b2c8 f   libucrt:isatty.obj
 0001:0000a328       _isleadbyte_l              000000018000b328 f i libucrt:_wctype.obj
 0001:0000a374       ?__mbrtowc_utf8@__crt_mbstring@@YA_KPEA_WPEBD_KPEAU_Mbstatet@@@Z 000000018000b374 f   libucrt:mbrtowc.obj
 0001:0000a3b0       ?__mbsrtowcs_utf8@__crt_mbstring@@YA_KPEA_WPEAPEBD_KPEAU_Mbstatet@@@Z 000000018000b3b0 f   libucrt:mbrtowc.obj
 0001:0000a528       __ascii_wcsnicmp           000000018000b528 f   libucrt:wcsnicmp.obj
 0001:0000a574       __strncnt                  000000018000b574 f   libucrt:strncnt.obj
 0001:0000a58c       _query_app_type            000000018000b58c f   libucrt:report_runtime_error.obj
 0001:0000a630       _lseeki64_nolock           000000018000b630 f   libucrt:lseek.obj
 0001:0000a638       _putwch_nolock             000000018000b638 f   libucrt:putwch.obj
 0001:0000a674       _fclose_nolock             000000018000b674 f   libucrt:fclose.obj
 0001:0000a6f8       fclose                     000000018000b6f8 f   libucrt:fclose.obj
 0001:0000a75c       ?__mbrtoc32_utf8@__crt_mbstring@@YA_KPEA_UPEBD_KPEAU_Mbstatet@@@Z 000000018000b75c f   libucrt:mbrtoc32.obj
 0001:0000a940       log10                      000000018000b940 f   libucrt:log10.obj
 0001:0000aeec       __dcrt_lowio_ensure_console_output_initialized 000000018000beec f   libucrt:initcon.obj
 0001:0000af40       __dcrt_terminate_console_output 000000018000bf40 f   libucrt:initcon.obj
 0001:0000af5c       __dcrt_write_console       000000018000bf5c f   libucrt:initcon.obj
 0001:0000b090       _close                     000000018000c090 f   libucrt:close.obj
 0001:0000b134       _close_nolock              000000018000c134 f   libucrt:close.obj
 0001:0000b1f4       ?__acrt_stdio_free_stream@@YAXV__crt_stdio_stream@@@Z 000000018000c1f4 f   libucrt:stream.obj
 0001:0000b334       _handle_error              000000018000c334 f   libucrt:libm_error.obj
 0001:0000b460       __acrt_initialize_fma3     000000018000c460 f   libucrt:fma3_available.obj
 0001:0000b4d0       _log10_special             000000018000c4d0 f   libucrt:log_special.obj
 0001:0000b5a0       _get_fpsr                  000000018000c5a0 f   libucrt:fpsr.obj
 0001:0000b5b0       _set_fpsr                  000000018000c5b0 f   libucrt:fpsr.obj
 0001:0000b5ba       _fclrf                     000000018000c5ba f   libucrt:fpsr.obj
 0001:0000b5ce       _frnd                      000000018000c5ce f   libucrt:fpsr.obj
 0001:0000b5f0       _raise_exc                 000000018000c5f0 f   libucrt:fpexcept.obj
 0001:0000b618       _raise_exc_ex              000000018000c618 f   libucrt:fpexcept.obj
 0001:0000b928       _set_errno_from_matherr    000000018000c928 f   libucrt:fpexcept.obj
 0001:0000b958       _clrfp                     000000018000c958 f   libucrt:fpctrl.obj
 0001:0000b978       _ctrlfp                    000000018000c978 f   libucrt:fpctrl.obj
 0001:0000b9f4       _set_statfp                000000018000c9f4 f   libucrt:fpctrl.obj
 0001:0000ba14       _statfp                    000000018000ca14 f   libucrt:fpctrl.obj
 0001:0000ba30       _FindPESection             000000018000ca30 f   LIBCMT:pesect.obj
 0001:0000ba80       _IsNonwritableInCurrentImage 000000018000ca80 f   LIBCMT:pesect.obj
 0001:0000bad0       _ValidateImageBase         000000018000cad0 f   LIBCMT:pesect.obj
 0001:0000bafc       __GSHandlerCheck           000000018000cafc f   LIBCMT:gshandler.obj
 0001:0000bb1c       __GSHandlerCheckCommon     000000018000cb1c f   LIBCMT:gshandler.obj
 0001:0000bb90       __chkstk                   000000018000cb90 f   LIBCMT:chkstk.obj
 0001:0000bb90       _alloca_probe              000000018000cb90 f   LIBCMT:chkstk.obj
 0001:0000bbf0       memcmp                     000000018000cbf0 f   libvcruntime:memcmp.obj
 0001:0000bcd0       _guard_dispatch_icall_nop  000000018000ccd0 f   LIBCMT:guard_dispatch.obj
 0001:0000bcf0       _guard_xfg_dispatch_icall_nop 000000018000ccf0 f   LIBCMT:guard_xfg_dispatch.obj
 0002:00000000       __imp_CloseHandle          000000018000d000     kernel32:KERNEL32.dll
 0002:00000008       __imp_CreateFileW          000000018000d008     kernel32:KERNEL32.dll
 0002:00000010       __imp_SetFilePointerEx     000000018000d010     kernel32:KERNEL32.dll
 0002:00000018       __imp_GetConsoleMode       000000018000d018     kernel32:KERNEL32.dll
 0002:00000020       __imp_GetConsoleOutputCP   000000018000d020     kernel32:KERNEL32.dll
 0002:00000028       __imp_WriteFile            000000018000d028     kernel32:KERNEL32.dll
 0002:00000030       __imp_FlushFileBuffers     000000018000d030     kernel32:KERNEL32.dll
 0002:00000038       __imp_SetStdHandle         000000018000d038     kernel32:KERNEL32.dll
 0002:00000040       __imp_HeapReAlloc          000000018000d040     kernel32:KERNEL32.dll
 0002:00000048       __imp_HeapSize             000000018000d048     kernel32:KERNEL32.dll
 0002:00000050       __imp_GetStringTypeW       000000018000d050     kernel32:KERNEL32.dll
 0002:00000058       __imp_GetFileType          000000018000d058     kernel32:KERNEL32.dll
 0002:00000060       __imp_GetStdHandle         000000018000d060     kernel32:KERNEL32.dll
 0002:00000068       __imp_GetProcessHeap       000000018000d068     kernel32:KERNEL32.dll
 0002:00000070       __imp_LCMapStringW         000000018000d070     kernel32:KERNEL32.dll
 0002:00000078       __imp_RtlCaptureContext    000000018000d078     kernel32:KERNEL32.dll
 0002:00000080       __imp_RtlLookupFunctionEntry 000000018000d080     kernel32:KERNEL32.dll
 0002:00000088       __imp_RtlVirtualUnwind     000000018000d088     kernel32:KERNEL32.dll
 0002:00000090       __imp_UnhandledExceptionFilter 000000018000d090     kernel32:KERNEL32.dll
 0002:00000098       __imp_SetUnhandledExceptionFilter 000000018000d098     kernel32:KERNEL32.dll
 0002:000000a0       __imp_GetCurrentProcess    000000018000d0a0     kernel32:KERNEL32.dll
 0002:000000a8       __imp_TerminateProcess     000000018000d0a8     kernel32:KERNEL32.dll
 0002:000000b0       __imp_IsProcessorFeaturePresent 000000018000d0b0     kernel32:KERNEL32.dll
 0002:000000b8       __imp_QueryPerformanceCounter 000000018000d0b8     kernel32:KERNEL32.dll
 0002:000000c0       __imp_GetCurrentProcessId  000000018000d0c0     kernel32:KERNEL32.dll
 0002:000000c8       __imp_GetCurrentThreadId   000000018000d0c8     kernel32:KERNEL32.dll
 0002:000000d0       __imp_GetSystemTimeAsFileTime 000000018000d0d0     kernel32:KERNEL32.dll
 0002:000000d8       __imp_InitializeSListHead  000000018000d0d8     kernel32:KERNEL32.dll
 0002:000000e0       __imp_IsDebuggerPresent    000000018000d0e0     kernel32:KERNEL32.dll
 0002:000000e8       __imp_GetStartupInfoW      000000018000d0e8     kernel32:KERNEL32.dll
 0002:000000f0       __imp_GetModuleHandleW     000000018000d0f0     kernel32:KERNEL32.dll
 0002:000000f8       __imp_RtlUnwindEx          000000018000d0f8     kernel32:KERNEL32.dll
 0002:00000100       __imp_RtlPcToFileHeader    000000018000d100     kernel32:KERNEL32.dll
 0002:00000108       __imp_RaiseException       000000018000d108     kernel32:KERNEL32.dll
 0002:00000110       __imp_InterlockedFlushSList 000000018000d110     kernel32:KERNEL32.dll
 0002:00000118       __imp_GetLastError         000000018000d118     kernel32:KERNEL32.dll
 0002:00000120       __imp_SetLastError         000000018000d120     kernel32:KERNEL32.dll
 0002:00000128       __imp_EnterCriticalSection 000000018000d128     kernel32:KERNEL32.dll
 0002:00000130       __imp_LeaveCriticalSection 000000018000d130     kernel32:KERNEL32.dll
 0002:00000138       __imp_DeleteCriticalSection 000000018000d138     kernel32:KERNEL32.dll
 0002:00000140       __imp_InitializeCriticalSectionAndSpinCount 000000018000d140     kernel32:KERNEL32.dll
 0002:00000148       __imp_TlsAlloc             000000018000d148     kernel32:KERNEL32.dll
 0002:00000150       __imp_TlsGetValue          000000018000d150     kernel32:KERNEL32.dll
 0002:00000158       __imp_TlsSetValue          000000018000d158     kernel32:KERNEL32.dll
 0002:00000160       __imp_TlsFree              000000018000d160     kernel32:KERNEL32.dll
 0002:00000168       __imp_FreeLibrary          000000018000d168     kernel32:KERNEL32.dll
 0002:00000170       __imp_GetProcAddress       000000018000d170     kernel32:KERNEL32.dll
 0002:00000178       __imp_LoadLibraryExW       000000018000d178     kernel32:KERNEL32.dll
 0002:00000180       __imp_ExitProcess          000000018000d180     kernel32:KERNEL32.dll
 0002:00000188       __imp_GetModuleHandleExW   000000018000d188     kernel32:KERNEL32.dll
 0002:00000190       __imp_GetModuleFileNameW   000000018000d190     kernel32:KERNEL32.dll
 0002:00000198       __imp_HeapAlloc            000000018000d198     kernel32:KERNEL32.dll
 0002:000001a0       __imp_HeapFree             000000018000d1a0     kernel32:KERNEL32.dll
 0002:000001a8       __imp_FindClose            000000018000d1a8     kernel32:KERNEL32.dll
 0002:000001b0       __imp_FindFirstFileExW     000000018000d1b0     kernel32:KERNEL32.dll
 0002:000001b8       __imp_FindNextFileW        000000018000d1b8     kernel32:KERNEL32.dll
 0002:000001c0       __imp_IsValidCodePage      000000018000d1c0     kernel32:KERNEL32.dll
 0002:000001c8       __imp_GetACP               000000018000d1c8     kernel32:KERNEL32.dll
 0002:000001d0       __imp_GetOEMCP             000000018000d1d0     kernel32:KERNEL32.dll
 0002:000001d8       __imp_GetCPInfo            000000018000d1d8     kernel32:KERNEL32.dll
 0002:000001e0       __imp_GetCommandLineA      000000018000d1e0     kernel32:KERNEL32.dll
 0002:000001e8       __imp_GetCommandLineW      000000018000d1e8     kernel32:KERNEL32.dll
 0002:000001f0       __imp_MultiByteToWideChar  000000018000d1f0     kernel32:KERNEL32.dll
 0002:000001f8       __imp_WideCharToMultiByte  000000018000d1f8     kernel32:KERNEL32.dll
 0002:00000200       __imp_GetEnvironmentStringsW 000000018000d200     kernel32:KERNEL32.dll
 0002:00000208       __imp_FreeEnvironmentStringsW 000000018000d208     kernel32:KERNEL32.dll
 0002:00000210       __imp_WriteConsoleW        000000018000d210     kernel32:KERNEL32.dll
 0002:00000218       \177KERNEL32_NULL_THUNK_DATA 000000018000d218     kernel32:KERNEL32.dll
 0002:00000220       __imp_InternetGetConnectedState 000000018000d220     wininet:WININET.dll
 0002:00000228       \177WININET_NULL_THUNK_DATA 000000018000d228     wininet:WININET.dll
 0002:00000230       __imp_napi_close_handle_scope 000000018000d230     iojs:node.dll
 0002:00000238       __imp_napi_create_reference 000000018000d238     iojs:node.dll
 0002:00000240       __imp_napi_get_cb_info     000000018000d240     iojs:node.dll
 0002:00000248       __imp_napi_set_property    000000018000d248     iojs:node.dll
 0002:00000250       __imp_napi_get_and_clear_last_exception 000000018000d250     iojs:node.dll
 0002:00000258       __imp_napi_throw           000000018000d258     iojs:node.dll
 0002:00000260       __imp_napi_define_properties 000000018000d260     iojs:node.dll
 0002:00000268       __imp_napi_module_register 000000018000d268     iojs:node.dll
 0002:00000270       __imp_napi_create_string_utf8 000000018000d270     iojs:node.dll
 0002:00000278       __imp_napi_get_reference_value 000000018000d278     iojs:node.dll
 0002:00000280       __imp_napi_create_type_error 000000018000d280     iojs:node.dll
 0002:00000288       __imp_napi_create_symbol   000000018000d288     iojs:node.dll
 0002:00000290       __imp_napi_is_exception_pending 000000018000d290     iojs:node.dll
 0002:00000298       __imp_napi_fatal_error     000000018000d298     iojs:node.dll
 0002:000002a0       __imp_napi_delete_reference 000000018000d2a0     iojs:node.dll
 0002:000002a8       __imp_napi_create_error    000000018000d2a8     iojs:node.dll
 0002:000002b0       __imp_napi_get_last_error_info 000000018000d2b0     iojs:node.dll
 0002:000002b8       __imp_napi_get_boolean     000000018000d2b8     iojs:node.dll
 0002:000002c0       __imp_napi_open_handle_scope 000000018000d2c0     iojs:node.dll
 0002:000002c8       __imp_napi_create_function 000000018000d2c8     iojs:node.dll
 0002:000002d0       __imp_napi_create_external 000000018000d2d0     iojs:node.dll
 0002:000002d8       \177node_NULL_THUNK_DATA   000000018000d2d8     iojs:node.dll
 0002:000002e0       __guard_check_icall_fptr   000000018000d2e0     LIBCMT:guard_support.obj
 0002:000002e8       __guard_xfg_check_icall_fptr 000000018000d2e8     LIBCMT:guard_support.obj
 0002:000002f0       __guard_dispatch_icall_fptr 000000018000d2f0     LIBCMT:guard_support.obj
 0002:000002f8       __guard_xfg_dispatch_icall_fptr 000000018000d2f8     LIBCMT:guard_support.obj
 0002:00000300       __guard_xfg_table_dispatch_icall_fptr 000000018000d300     LIBCMT:guard_support.obj
 0002:00000308       __castguard_check_failure_os_handled_fptr 000000018000d308     LIBCMT:guard_support.obj
 0002:00000310       __guard_memcpy_fptr        000000018000d310     libvcruntime:softmemtag.obj
 0002:00000318       __xc_a                     000000018000d318     LIBCMT:initializers.obj
 0002:00000320       _register_networkmonitor_  000000018000d320     networkMonitor.obj
 0002:00000328       __xc_z                     000000018000d328     LIBCMT:initializers.obj
 0002:00000330       __xi_a                     000000018000d330     LIBCMT:initializers.obj
 0002:00000338       __acrt_multibyte_initializer 000000018000d338     libucrt:multibyte_initializer.obj
 0002:00000340       __acrt_stdio_initializer   000000018000d340     libucrt:stdio_initializer.obj
 0002:00000348       __acrt_tran_fma3_initializer 000000018000d348     libucrt:fma3_initializer.obj
 0002:00000350       __xi_z                     000000018000d350     LIBCMT:initializers.obj
 0002:00000358       __xp_a                     000000018000d358     LIBCMT:initializers.obj
 0002:00000360       __acrt_locale_terminator   000000018000d360     libucrt:locale_initializer.obj
 0002:00000368       __dcrt_console_output_terminator 000000018000d368     libucrt:console_output_initializer.obj
 0002:00000370       __acrt_stdio_terminator    000000018000d370     libucrt:stdio_initializer.obj
 0002:00000378       __xp_z                     000000018000d378     LIBCMT:initializers.obj
 0002:00000380       __xt_a                     000000018000d380     LIBCMT:initializers.obj
 0002:00000388       __xt_z                     000000018000d388     LIBCMT:initializers.obj
 0002:00000390       _pDefaultRawDllMain        000000018000d390     LIBCMT:dll_dllmain.obj
 0002:00000390       _pRawDllMain               000000018000d390     LIBCMT:dll_dllmain.obj
 0002:000003b0       ??_7exception@std@@6B@     000000018000d3b0     LIBCMT:throw_bad_alloc.obj
 0002:000003c0       ??_C@_0BC@EOODALEL@Unknown?5exception@ 000000018000d3c0     LIBCMT:throw_bad_alloc.obj
 0002:000003e0       ??_7bad_alloc@std@@6B@     000000018000d3e0     LIBCMT:throw_bad_alloc.obj
 0002:000003f0       ??_C@_0P@GHFPNOJB@bad?5allocation@ 000000018000d3f0     LIBCMT:throw_bad_alloc.obj
 0002:00000408       ??_7bad_array_new_length@std@@6B@ 000000018000d408     LIBCMT:throw_bad_alloc.obj
 0002:00000418       ??_C@_0BF@KINCDENJ@bad?5array?5new?5length@ 000000018000d418     LIBCMT:throw_bad_alloc.obj
 0002:00000430       __xmm@ffffffffffffffffffffffffffffffff 000000018000d430     LIBCMT:utility.obj
 0002:00000448       ??_7type_info@@6B@         000000018000d448     LIBCMT:std_type_info_static.obj
 0002:00000450       _pDestructExceptionObject  000000018000d450     libvcruntime:ehhelpers.obj
 0002:00000b70       ??_C@_08EHJDFFNH@__based?$CI@ 000000018000db70     libvcruntime:undname.obj
 0002:00000b80       ??_C@_07KOLFKCDI@__cdecl@  000000018000db80     libvcruntime:undname.obj
 0002:00000b88       ??_C@_08GHMPAG@__pascal@   000000018000db88     libvcruntime:undname.obj
 0002:00000b98       ??_C@_09IFJBGAPI@__stdcall@ 000000018000db98     libvcruntime:undname.obj
 0002:00000ba8       ??_C@_0L@NPHFGOKO@__thiscall@ 000000018000dba8     libvcruntime:undname.obj
 0002:00000bb8       ??_C@_0L@JMKHOMEK@__fastcall@ 000000018000dbb8     libvcruntime:undname.obj
 0002:00000bc8       ??_C@_0N@BCKKPABJ@__vectorcall@ 000000018000dbc8     libvcruntime:undname.obj
 0002:00000bd8       ??_C@_09HIJEGCPM@__clrcall@ 000000018000dbd8     libvcruntime:undname.obj
 0002:00000be4       ??_C@_06GHPCKEAG@__eabi@   000000018000dbe4     libvcruntime:undname.obj
 0002:00000bf0       ??_C@_09IOPIDJLG@__swift_1@ 000000018000dbf0     libvcruntime:undname.obj
 0002:00000c00       ??_C@_09KFNFGKHF@__swift_2@ 000000018000dc00     libvcruntime:undname.obj
 0002:00000c10       ??_C@_09LMMOFLDE@__swift_3@ 000000018000dc10     libvcruntime:undname.obj
 0002:00000c20       ??_C@_07JOMMBBKO@__ptr64@  000000018000dc20     libvcruntime:undname.obj
 0002:00000c28       ??_C@_0L@PILCLIHE@__restrict@ 000000018000dc28     libvcruntime:undname.obj
 0002:00000c38       ??_C@_0M@GFIIJFMG@__unaligned@ 000000018000dc38     libvcruntime:undname.obj
 0002:00000c48       ??_C@_09DHDLOLLB@restrict?$CI@ 000000018000dc48     libvcruntime:undname.obj
 0002:00000c52       ??_C@_00CNPNBAHC@@         000000018000dc52     libvcruntime:undname.obj
 0002:00000c54       ??_C@_04NIHEBCM@?5new@     000000018000dc54     libvcruntime:undname.obj
 0002:00000c60       ??_C@_07FPCDHGMM@?5delete@ 000000018000dc60     libvcruntime:undname.obj
 0002:00000c68       ??_C@_01NEMOKFLO@?$DN@     000000018000dc68     libvcruntime:undname.obj
 0002:00000c6c       ??_C@_02GPIOPFAK@?$DO?$DO@ 000000018000dc6c     libvcruntime:undname.obj
 0002:00000c70       ??_C@_02FODMEDOG@?$DM?$DM@ 000000018000dc70     libvcruntime:undname.obj
 0002:00000c74       ??_C@_01DCLJPIOD@?$CB@     000000018000dc74     libvcruntime:undname.obj
 0002:00000c78       ??_C@_02EGOFBIJA@?$DN?$DN@ 000000018000dc78     libvcruntime:undname.obj
 0002:00000c7c       ??_C@_02FDNJECIE@?$CB?$DN@ 000000018000dc7c     libvcruntime:undname.obj
 0002:00000c80       ??_C@_02GPECMEKF@?$FL?$FN@ 000000018000dc80     libvcruntime:undname.obj
 0002:00000c88       ??_C@_08LHJFAFGD@operator@ 000000018000dc88     libvcruntime:undname.obj
 0002:00000c94       ??_C@_02HBOOOICD@?9?$DO@   000000018000dc94     libvcruntime:undname.obj
 0002:00000c98       ??_C@_01NBENCBCI@?$CK@     000000018000dc98     libvcruntime:undname.obj
 0002:00000c9c       ??_C@_02ECNGHCIF@?$CL?$CL@ 000000018000dc9c     libvcruntime:undname.obj
 0002:00000ca0       ??_C@_02BAABKJLB@?9?9@     000000018000dca0     libvcruntime:undname.obj
 0002:00000ca4       ??_C@_01JOAMLHOP@?9@       000000018000dca4     libvcruntime:undname.obj
 0002:00000ca8       ??_C@_01MIFGBAGJ@?$CL@     000000018000dca8     libvcruntime:undname.obj
 0002:00000cac       ??_C@_01HNPIGOCE@?$CG@     000000018000dcac     libvcruntime:undname.obj
 0002:00000cb0       ??_C@_03MNHNFDLC@?9?$DO?$CK@ 000000018000dcb0     libvcruntime:undname.obj
 0002:00000cb4       ??_C@_01KMDKNFGN@?1@       000000018000dcb4     libvcruntime:undname.obj
 0002:00000cb8       ??_C@_01FGNFDNOH@?$CF@     000000018000dcb8     libvcruntime:undname.obj
 0002:00000cbc       ??_C@_01MNNFJEPP@?$DM@     000000018000dcbc     libvcruntime:undname.obj
 0002:00000cc0       ??_C@_02EHCHHCKH@?$DM?$DN@ 000000018000dcc0     libvcruntime:undname.obj
 0002:00000cc4       ??_C@_01PPODPGHN@?$DO@     000000018000dcc4     libvcruntime:undname.obj
 0002:00000cc8       ??_C@_02EEKDKGMJ@?$DO?$DN@ 000000018000dcc8     libvcruntime:undname.obj
 0002:00000ccc       ??_C@_01IHBHIGKO@?0@       000000018000dccc     libvcruntime:undname.obj
 0002:00000cd0       ??_C@_02HCKGKOFO@?$CI?$CJ@ 000000018000dcd0     libvcruntime:undname.obj
 0002:00000cd4       ??_C@_01PJKLJHI@?$HO@      000000018000dcd4     libvcruntime:undname.obj
 0002:00000cd8       ??_C@_01JKBOJNNK@?$FO@     000000018000dcd8     libvcruntime:undname.obj
 0002:00000cdc       ??_C@_01DNKMNLPK@?$HM@     000000018000dcdc     libvcruntime:undname.obj
 0002:00000ce0       ??_C@_02PPKAJPJL@?$CG?$CG@ 000000018000dce0     libvcruntime:undname.obj
 0002:00000ce4       ??_C@_02NONPIBCD@?$HM?$HM@ 000000018000dce4     libvcruntime:undname.obj
 0002:00000ce8       ??_C@_02FPIMKNGF@?$CK?$DN@ 000000018000dce8     libvcruntime:undname.obj
 0002:00000cec       ??_C@_02FOEOMHFC@?$CL?$DN@ 000000018000dcec     libvcruntime:undname.obj
 0002:00000cf0       ??_C@_02FKMDLLOA@?9?$DN@   000000018000dcf0     libvcruntime:undname.obj
 0002:00000cf4       ??_C@_02FJEHGPIO@?1?$DN@   000000018000dcf4     libvcruntime:undname.obj
 0002:00000cf8       ??_C@_02FENAOKFI@?$CF?$DN@ 000000018000dcf8     libvcruntime:undname.obj
 0002:00000cfc       ??_C@_03IKFCCPFF@?$DO?$DO?$DN@ 000000018000dcfc     libvcruntime:undname.obj
 0002:00000d00       ??_C@_03CDNPDDLA@?$DM?$DM?$DN@ 000000018000dd00     libvcruntime:undname.obj
 0002:00000d04       ??_C@_02FGJGFEAB@?$CG?$DN@ 000000018000dd04     libvcruntime:undname.obj
 0002:00000d08       ??_C@_02DHLNPPGH@?$HM?$DN@ 000000018000dd08     libvcruntime:undname.obj
 0002:00000d0c       ??_C@_02MHEGNOJ@?$FO?$DN@  000000018000dd0c     libvcruntime:undname.obj
 0002:00000d10       ??_C@_09IFPLHPGF@?$GAvftable?8@ 000000018000dd10     libvcruntime:undname.obj
 0002:00000d20       ??_C@_09BLBHBJP@?$GAvbtable?8@ 000000018000dd20     libvcruntime:undname.obj
 0002:00000d30       ??_C@_07FEEIOKP@?$GAvcall?8@ 000000018000dd30     libvcruntime:undname.obj
 0002:00000d38       ??_C@_08LLFFHHDJ@?$GAtypeof?8@ 000000018000dd38     libvcruntime:undname.obj
 0002:00000d48       ??_C@_0BF@KDPPACIK@?$GAlocal?5static?5guard?8@ 000000018000dd48     libvcruntime:undname.obj
 0002:00000d60       ??_C@_08OBABFOLI@?$GAstring?8@ 000000018000dd60     libvcruntime:undname.obj
 0002:00000d70       ??_C@_0BD@JDLKDPAB@?$GAvbase?5destructor?8@ 000000018000dd70     libvcruntime:undname.obj
 0002:00000d88       ??_C@_0BN@DEGPLNFK@?$GAvector?5deleting?5destructor?8@ 000000018000dd88     libvcruntime:undname.obj
 0002:00000da8       ??_C@_0BO@OBMKPJIG@?$GAdefault?5constructor?5closure?8@ 000000018000dda8     libvcruntime:undname.obj
 0002:00000dc8       ??_C@_0BN@IMDCHIKM@?$GAscalar?5deleting?5destructor?8@ 000000018000ddc8     libvcruntime:undname.obj
 0002:00000de8       ??_C@_0BO@PFGOCPJJ@?$GAvector?5constructor?5iterator?8@ 000000018000dde8     libvcruntime:undname.obj
 0002:00000e08       ??_C@_0BN@LFPFMEDL@?$GAvector?5destructor?5iterator?8@ 000000018000de08     libvcruntime:undname.obj
 0002:00000e28       ??_C@_0CE@IKBNEHA@?$GAvector?5vbase?5constructor?5itera@ 000000018000de28     libvcruntime:undname.obj
 0002:00000e50       ??_C@_0BL@NILFHHPC@?$GAvirtual?5displacement?5map?8@ 000000018000de50     libvcruntime:undname.obj
 0002:00000e70       ??_C@_0CB@JONCMFFK@?$GAeh?5vector?5constructor?5iterator@ 000000018000de70     libvcruntime:undname.obj
 0002:00000e98       ??_C@_0CA@GCEOPDGL@?$GAeh?5vector?5destructor?5iterator?8@ 000000018000de98     libvcruntime:undname.obj
 0002:00000eb8       ??_C@_0CH@OOJPLCPH@?$GAeh?5vector?5vbase?5constructor?5it@ 000000018000deb8     libvcruntime:undname.obj
 0002:00000ee0       ??_C@_0BL@LLKPOHJI@?$GAcopy?5constructor?5closure?8@ 000000018000dee0     libvcruntime:undname.obj
 0002:00000f00       ??_C@_0BA@KBCDOMBN@?$GAudt?5returning?8@ 000000018000df00     libvcruntime:undname.obj
 0002:00000f10       ??_C@_03KLGMFNMG@?$GAEH@   000000018000df10     libvcruntime:undname.obj
 0002:00000f14       ??_C@_05KHLCHHI@?$GARTTI@  000000018000df14     libvcruntime:undname.obj
 0002:00000f20       ??_C@_0BA@KKLDJDLB@?$GAlocal?5vftable?8@ 000000018000df20     libvcruntime:undname.obj
 0002:00000f30       ??_C@_0CE@IIHCMGGL@?$GAlocal?5vftable?5constructor?5clos@ 000000018000df30     libvcruntime:undname.obj
 0002:00000f54       ??_C@_06FHBGPFGH@?5new?$FL?$FN@ 000000018000df54     libvcruntime:undname.obj
 0002:00000f60       ??_C@_09LBNFPBCA@?5delete?$FL?$FN@ 000000018000df60     libvcruntime:undname.obj
 0002:00000f70       ??_C@_0P@HJKNJFNN@?$GAomni?5callsig?8@ 000000018000df70     libvcruntime:undname.obj
 0002:00000f80       ??_C@_0BL@CNOONJFP@?$GAplacement?5delete?5closure?8@ 000000018000df80     libvcruntime:undname.obj
 0002:00000fa0       ??_C@_0BN@CKNJLHMB@?$GAplacement?5delete?$FL?$FN?5closure?8@ 000000018000dfa0     libvcruntime:undname.obj
 0002:00000fc0       ??_C@_0CG@CFDHKGGD@?$GAmanaged?5vector?5constructor?5ite@ 000000018000dfc0     libvcruntime:undname.obj
 0002:00000fe8       ??_C@_0CF@IMGKMJNO@?$GAmanaged?5vector?5destructor?5iter@ 000000018000dfe8     libvcruntime:undname.obj
 0002:00001010       ??_C@_0CG@HLDDJMAG@?$GAeh?5vector?5copy?5constructor?5ite@ 000000018000e010     libvcruntime:undname.obj
 0002:00001038       ??_C@_0CM@FCBBDIGB@?$GAeh?5vector?5vbase?5copy?5construct@ 000000018000e038     libvcruntime:undname.obj
 0002:00001068       ??_C@_0BL@CLIPGLGB@?$GAdynamic?5initializer?5for?5?8@ 000000018000e068     libvcruntime:undname.obj
 0002:00001088       ??_C@_0CB@PDBIFEP@?$GAdynamic?5atexit?5destructor?5for?5@ 000000018000e088     libvcruntime:undname.obj
 0002:000010b0       ??_C@_0CD@CGAJBKEJ@?$GAvector?5copy?5constructor?5iterat@ 000000018000e0b0     libvcruntime:undname.obj
 0002:000010d8       ??_C@_0CJ@GJELGAMM@?$GAvector?5vbase?5copy?5constructor?5@ 000000018000e0d8     libvcruntime:undname.obj
 0002:00001108       ??_C@_0CL@FGIJHLCE@?$GAmanaged?5vector?5copy?5constructo@ 000000018000e108     libvcruntime:undname.obj
 0002:00001138       ??_C@_0BM@PMGGMLDN@?$GAlocal?5static?5thread?5guard?8@ 000000018000e138     libvcruntime:undname.obj
 0002:00001158       ??_C@_0N@BDNMDMOL@operator?5?$CC?$CC?5@ 000000018000e158     libvcruntime:undname.obj
 0002:00001168       ??_C@_0BC@GGEBGALA@operator?5co_await@ 000000018000e168     libvcruntime:undname.obj
 0002:00001180       ??_C@_0M@GAAIMMOH@operator?$DM?$DN?$DO@ 000000018000e180     libvcruntime:undname.obj
 0002:00001190       ??_C@_0BC@DAFEJGAK@?5Type?5Descriptor?8@ 000000018000e190     libvcruntime:undname.obj
 0002:000011a8       ??_C@_0BM@LDKODKLH@?5Base?5Class?5Descriptor?5at?5?$CI@ 000000018000e1a8     libvcruntime:undname.obj
 0002:000011c8       ??_C@_0BD@LGICGFMM@?5Base?5Class?5Array?8@ 000000018000e1c8     libvcruntime:undname.obj
 0002:000011e0       ??_C@_0BN@MECKDCOJ@?5Class?5Hierarchy?5Descriptor?8@ 000000018000e1e0     libvcruntime:undname.obj
 0002:00001200       ??_C@_0BK@CFCOFLF@?5Complete?5Object?5Locator?8@ 000000018000e200     libvcruntime:undname.obj
 0002:00001220       ??_C@_0BG@JNJLAMPM@?$GAanonymous?5namespace?8@ 000000018000e220     libvcruntime:undname.obj
 0002:00001250       ??_C@_1DM@KHCHBNEB@?$AAa?$AAp?$AAi?$AA?9?$AAm?$AAs?$AA?9?$AAw?$AAi?$AAn?$AA?9?$AAc?$AAo?$AAr?$AAe@ 000000018000e250     libvcruntime:winapi_downlevel.obj
 0002:00001290       ??_C@_1DK@LPPGFMPP@?$AAa?$AAp?$AAi?$AA?9?$AAm?$AAs?$AA?9?$AAw?$AAi?$AAn?$AA?9?$AAc?$AAo?$AAr?$AAe@ 000000018000e290     libvcruntime:winapi_downlevel.obj
 0002:000012d0       ??_C@_1BC@GDMECMAK@?$AAk?$AAe?$AAr?$AAn?$AAe?$AAl?$AA3?$AA2@ 000000018000e2d0     libvcruntime:winapi_downlevel.obj
 0002:000012e8       ??_C@_1BA@PFFKHIOG@?$AAa?$AAp?$AAi?$AA?9?$AAm?$AAs?$AA?9@ 000000018000e2e8     libvcruntime:winapi_downlevel.obj
 0002:00001300       ??_C@_08KNHFBNJ@FlsAlloc@  000000018000e300     libvcruntime:winapi_downlevel.obj
 0002:00001318       ??_C@_07PEJMOBNF@FlsFree@  000000018000e318     libvcruntime:winapi_downlevel.obj
 0002:00001328       ??_C@_0M@GDNOONDI@FlsGetValue@ 000000018000e328     libvcruntime:winapi_downlevel.obj
 0002:00001340       ??_C@_0M@JCPCPOEF@FlsSetValue@ 000000018000e340     libvcruntime:winapi_downlevel.obj
 0002:00001358       ??_C@_0BM@HCFOFFN@InitializeCriticalSectionEx@ 000000018000e358     libvcruntime:winapi_downlevel.obj
 0002:00001380       __acrt_exception_action_table 000000018000e380     libucrt:exception_filter.obj
 0002:00001440       __acrt_signal_action_table_count 000000018000e440     libucrt:exception_filter.obj
 0002:00001448       __acrt_signal_action_first_fpe_index 000000018000e448     libucrt:exception_filter.obj
 0002:00001450       __acrt_signal_action_fpe_count 000000018000e450     libucrt:exception_filter.obj
 0002:00001458       ??_C@_1BI@BGOHAHKC@?$AAm?$AAs?$AAc?$AAo?$AAr?$AAe?$AAe?$AA?4?$AAd?$AAl?$AAl@ 000000018000e458     libucrt:exit.obj
 0002:00001470       ??_C@_0P@MIGLKIOC@CorExitProcess@ 000000018000e470     libucrt:exit.obj
 0002:000016f0       __lc_time_c                000000018000e6f0     libucrt:nlsdata.obj
 0002:000019b0       ??_C@_03KOEHGMDN@Sun@      000000018000e9b0     libucrt:nlsdata.obj
 0002:000019b4       ??_C@_03PDAGKDH@Mon@       000000018000e9b4     libucrt:nlsdata.obj
 0002:000019b8       ??_C@_03NAGEINEP@Tue@      000000018000e9b8     libucrt:nlsdata.obj
 0002:000019bc       ??_C@_03MHOMLAJA@Wed@      000000018000e9bc     libucrt:nlsdata.obj
 0002:000019c0       ??_C@_03IOFIKPDN@Thu@      000000018000e9c0     libucrt:nlsdata.obj
 0002:000019c4       ??_C@_03IDIOELNC@Fri@      000000018000e9c4     libucrt:nlsdata.obj
 0002:000019c8       ??_C@_03FEFJNEK@Sat@       000000018000e9c8     libucrt:nlsdata.obj
 0002:000019cc       ??_C@_06OOPIFAJ@Sunday@    000000018000e9cc     libucrt:nlsdata.obj
 0002:000019d4       ??_C@_06JLEDEDGH@Monday@   000000018000e9d4     libucrt:nlsdata.obj
 0002:000019e0       ??_C@_07BAAGCFCM@Tuesday@  000000018000e9e0     libucrt:nlsdata.obj
 0002:000019e8       ??_C@_09DLIGFAKA@Wednesday@ 000000018000e9e8     libucrt:nlsdata.obj
 0002:000019f8       ??_C@_08HACCIKIA@Thursday@ 000000018000e9f8     libucrt:nlsdata.obj
 0002:00001a04       ??_C@_06JECMNKMI@Friday@   000000018000ea04     libucrt:nlsdata.obj
 0002:00001a10       ??_C@_08INBOOONO@Saturday@ 000000018000ea10     libucrt:nlsdata.obj
 0002:00001a1c       ??_C@_03JIHJHPIE@Jan@      000000018000ea1c     libucrt:nlsdata.obj
 0002:00001a20       ??_C@_03HJBDCHOM@Feb@      000000018000ea20     libucrt:nlsdata.obj
 0002:00001a24       ??_C@_03ODNJBKGA@Mar@      000000018000ea24     libucrt:nlsdata.obj
 0002:00001a28       ??_C@_03LEOLGMJP@Apr@      000000018000ea28     libucrt:nlsdata.obj
 0002:00001a2c       ??_C@_03CNMDKL@May@        000000018000ea2c     libucrt:nlsdata.obj
 0002:00001a30       ??_C@_03IDFGHECI@Jun@      000000018000ea30     libucrt:nlsdata.obj
 0002:00001a34       ??_C@_03LBGABGKK@Jul@      000000018000ea34     libucrt:nlsdata.obj
 0002:00001a38       ??_C@_03IFJFEIGA@Aug@      000000018000ea38     libucrt:nlsdata.obj
 0002:00001a3c       ??_C@_03GGCAPAJC@Sep@      000000018000ea3c     libucrt:nlsdata.obj
 0002:00001a40       ??_C@_03BMAOKBAD@Oct@      000000018000ea40     libucrt:nlsdata.obj
 0002:00001a44       ??_C@_03JPJOFNIA@Nov@      000000018000ea44     libucrt:nlsdata.obj
 0002:00001a48       ??_C@_03MKABNOCG@Dec@      000000018000ea48     libucrt:nlsdata.obj
 0002:00001a50       ??_C@_07CGJPFGJA@January@  000000018000ea50     libucrt:nlsdata.obj
 0002:00001a58       ??_C@_08GNJGEPFN@February@ 000000018000ea58     libucrt:nlsdata.obj
 0002:00001a64       ??_C@_05HPCKOFNC@March@    000000018000ea64     libucrt:nlsdata.obj
 0002:00001a6c       ??_C@_05DMJDNLEJ@April@    000000018000ea6c     libucrt:nlsdata.obj
 0002:00001a74       ??_C@_04CNLMGBGM@June@     000000018000ea74     libucrt:nlsdata.obj
 0002:00001a7c       ??_C@_04MIEPOIFP@July@     000000018000ea7c     libucrt:nlsdata.obj
 0002:00001a84       ??_C@_06LBBHFDDG@August@   000000018000ea84     libucrt:nlsdata.obj
 0002:00001a90       ??_C@_09BHHEALKD@September@ 000000018000ea90     libucrt:nlsdata.obj
 0002:00001aa0       ??_C@_07JJNFCEND@October@  000000018000eaa0     libucrt:nlsdata.obj
 0002:00001aa8       ??_C@_08HCHEGEOA@November@ 000000018000eaa8     libucrt:nlsdata.obj
 0002:00001ab8       ??_C@_08EDHMEBNP@December@ 000000018000eab8     libucrt:nlsdata.obj
 0002:00001ac4       ??_C@_02DEDBPAFC@AM@       000000018000eac4     libucrt:nlsdata.obj
 0002:00001ac8       ??_C@_02CJNFDJBF@PM@       000000018000eac8     libucrt:nlsdata.obj
 0002:00001ad0       ??_C@_08BPBNCDIB@MM?1dd?1yy@ 000000018000ead0     libucrt:nlsdata.obj
 0002:00001ae0       ??_C@_0BE@CKGJFCPC@dddd?0?5MMMM?5dd?0?5yyyy@ 000000018000eae0     libucrt:nlsdata.obj
 0002:00001af8       ??_C@_08JCCMCCIL@HH?3mm?3ss@ 000000018000eaf8     libucrt:nlsdata.obj
 0002:00001b08       ??_C@_17MBGCMIPB@?$AAS?$AAu?$AAn@ 000000018000eb08     libucrt:nlsdata.obj
 0002:00001b10       ??_C@_17KBOMKBF@?$AAM?$AAo?$AAn@ 000000018000eb10     libucrt:nlsdata.obj
 0002:00001b18       ??_C@_17BMKGEGOJ@?$AAT?$AAu?$AAe@ 000000018000eb18     libucrt:nlsdata.obj
 0002:00001b20       ??_C@_17CJEDCEPE@?$AAW?$AAe?$AAd@ 000000018000eb20     libucrt:nlsdata.obj
 0002:00001b28       ??_C@_17PDPHAADD@?$AAT?$AAh?$AAu@ 000000018000eb28     libucrt:nlsdata.obj
 0002:00001b30       ??_C@_17HFOLPPLP@?$AAF?$AAr?$AAi@ 000000018000eb30     libucrt:nlsdata.obj
 0002:00001b38       ??_C@_17GGIBDPIH@?$AAS?$AAa?$AAt@ 000000018000eb38     libucrt:nlsdata.obj
 0002:00001b40       ??_C@_1O@IHNHDHPB@?$AAS?$AAu?$AAn?$AAd?$AAa?$AAy@ 000000018000eb40     libucrt:nlsdata.obj
 0002:00001b50       ??_C@_1O@MMNBFLIA@?$AAM?$AAo?$AAn?$AAd?$AAa?$AAy@ 000000018000eb50     libucrt:nlsdata.obj
 0002:00001b60       ??_C@_1BA@ENFBFFEK@?$AAT?$AAu?$AAe?$AAs?$AAd?$AAa?$AAy@ 000000018000eb60     libucrt:nlsdata.obj
 0002:00001b70       ??_C@_1BE@EBOGMDOH@?$AAW?$AAe?$AAd?$AAn?$AAe?$AAs?$AAd?$AAa?$AAy@ 000000018000eb70     libucrt:nlsdata.obj
 0002:00001b88       ??_C@_1BC@HHMNLIHE@?$AAT?$AAh?$AAu?$AAr?$AAs?$AAd?$AAa?$AAy@ 000000018000eb88     libucrt:nlsdata.obj
 0002:00001ba0       ??_C@_1O@PDICJHAG@?$AAF?$AAr?$AAi?$AAd?$AAa?$AAy@ 000000018000eba0     libucrt:nlsdata.obj
 0002:00001bb0       ??_C@_1BC@ENMNNPAJ@?$AAS?$AAa?$AAt?$AAu?$AAr?$AAd?$AAa?$AAy@ 000000018000ebb0     libucrt:nlsdata.obj
 0002:00001bc8       ??_C@_17DKNBKCHM@?$AAJ?$AAa?$AAn@ 000000018000ebc8     libucrt:nlsdata.obj
 0002:00001bd0       ??_C@_17LMDJEKJN@?$AAF?$AAe?$AAb@ 000000018000ebd0     libucrt:nlsdata.obj
 0002:00001bd8       ??_C@_17CKNLEDEC@?$AAM?$AAa?$AAr@ 000000018000ebd8     libucrt:nlsdata.obj
 0002:00001be0       ??_C@_17LFPOIHDD@?$AAA?$AAp?$AAr@ 000000018000ebe0     libucrt:nlsdata.obj
 0002:00001be8       ??_C@_17PNNKMEED@?$AAM?$AAa?$AAy@ 000000018000ebe8     libucrt:nlsdata.obj
 0002:00001bf0       ??_C@_17KCJGOCPB@?$AAJ?$AAu?$AAn@ 000000018000ebf0     libucrt:nlsdata.obj
 0002:00001bf8       ??_C@_17IJPCKHK@?$AAJ?$AAu?$AAl@ 000000018000ebf8     libucrt:nlsdata.obj
 0002:00001c00       ??_C@_17ICPELBCN@?$AAA?$AAu?$AAg@ 000000018000ec00     libucrt:nlsdata.obj
 0002:00001c08       ??_C@_17HCHCOKMG@?$AAS?$AAe?$AAp@ 000000018000ec08     libucrt:nlsdata.obj
 0002:00001c10       ??_C@_17FNLKOI@?$AAO?$AAc?$AAt@ 000000018000ec10     libucrt:nlsdata.obj
 0002:00001c18       ??_C@_17BBDMLCIG@?$AAN?$AAo?$AAv@ 000000018000ec18     libucrt:nlsdata.obj
 0002:00001c20       ??_C@_17EGKACKIF@?$AAD?$AAe?$AAc@ 000000018000ec20     libucrt:nlsdata.obj
 0002:00001c28       ??_C@_1BA@EFMEIEBA@?$AAJ?$AAa?$AAn?$AAu?$AAa?$AAr?$AAy@ 000000018000ec28     libucrt:nlsdata.obj
 0002:00001c38       ??_C@_1BC@JGDDFFAM@?$AAF?$AAe?$AAb?$AAr?$AAu?$AAa?$AAr?$AAy@ 000000018000ec38     libucrt:nlsdata.obj
 0002:00001c50       ??_C@_1M@IKEENEDF@?$AAM?$AAa?$AAr?$AAc?$AAh@ 000000018000ec50     libucrt:nlsdata.obj
 0002:00001c60       ??_C@_1M@GJNLMHFD@?$AAA?$AAp?$AAr?$AAi?$AAl@ 000000018000ec60     libucrt:nlsdata.obj
 0002:00001c70       ??_C@_19EPFLPGAP@?$AAJ?$AAu?$AAn?$AAe@ 000000018000ec70     libucrt:nlsdata.obj
 0002:00001c80       ??_C@_19BIFMLPCD@?$AAJ?$AAu?$AAl?$AAy@ 000000018000ec80     libucrt:nlsdata.obj
 0002:00001c90       ??_C@_1O@PAHLKOAC@?$AAA?$AAu?$AAg?$AAu?$AAs?$AAt@ 000000018000ec90     libucrt:nlsdata.obj
 0002:00001ca0       ??_C@_1BE@DKAAMBJL@?$AAS?$AAe?$AAp?$AAt?$AAe?$AAm?$AAb?$AAe?$AAr@ 000000018000eca0     libucrt:nlsdata.obj
 0002:00001cb8       ??_C@_1BA@EPANDLNG@?$AAO?$AAc?$AAt?$AAo?$AAb?$AAe?$AAr@ 000000018000ecb8     libucrt:nlsdata.obj
 0002:00001cc8       ??_C@_1BC@BGLIFPF@?$AAN?$AAo?$AAv?$AAe?$AAm?$AAb?$AAe?$AAr@ 000000018000ecc8     libucrt:nlsdata.obj
 0002:00001ce0       ??_C@_1BC@FEMKIFH@?$AAD?$AAe?$AAc?$AAe?$AAm?$AAb?$AAe?$AAr@ 000000018000ece0     libucrt:nlsdata.obj
 0002:00001cf4       ??_C@_15ODEHAHHF@?$AAA?$AAM@ 000000018000ecf4     libucrt:nlsdata.obj
 0002:00001cfc       ??_C@_15CLMNNGEL@?$AAP?$AAM@ 000000018000ecfc     libucrt:nlsdata.obj
 0002:00001d08       ??_C@_1BC@IEBCMHCM@?$AAM?$AAM?$AA?1?$AAd?$AAd?$AA?1?$AAy?$AAy@ 000000018000ed08     libucrt:nlsdata.obj
 0002:00001d20       ??_C@_1CI@KNAKOEBC@?$AAd?$AAd?$AAd?$AAd?$AA?0?$AA?5?$AAM?$AAM?$AAM?$AAM?$AA?5?$AAd?$AAd?$AA?0?$AA?5@ 000000018000ed20     libucrt:nlsdata.obj
 0002:00001d48       ??_C@_1BC@GDGBMEMK@?$AAH?$AAH?$AA?3?$AAm?$AAm?$AA?3?$AAs?$AAs@ 000000018000ed48     libucrt:nlsdata.obj
 0002:00001d60       ??_C@_1M@BMHNFIME@?$AAe?$AAn?$AA?9?$AAU?$AAS@ 000000018000ed60     libucrt:nlsdata.obj
 0002:00001d90       ??_C@_1M@HPNHIDJI@?$AAj?$AAa?$AA?9?$AAJ?$AAP@ 000000018000ed90     libucrt:mbctype.obj
 0002:00001da0       ??_C@_1M@BIBDDEMK@?$AAz?$AAh?$AA?9?$AAC?$AAN@ 000000018000eda0     libucrt:mbctype.obj
 0002:00001db0       ??_C@_1M@JLOOOEGK@?$AAk?$AAo?$AA?9?$AAK?$AAR@ 000000018000edb0     libucrt:mbctype.obj
 0002:00001dc0       ??_C@_1M@CLNBBOPM@?$AAz?$AAh?$AA?9?$AAT?$AAW@ 000000018000edc0     libucrt:mbctype.obj
 0002:00001e70       ??_C@_1EA@JGEFHKEI@?$AAa?$AAp?$AAi?$AA?9?$AAm?$AAs?$AA?9?$AAw?$AAi?$AAn?$AA?9?$AAc?$AAo?$AAr?$AAe@ 000000018000ee70     libucrt:winapi_thunks.obj
 0002:00001eb0       ??_C@_1DI@IJCEHOCB@?$AAa?$AAp?$AAi?$AA?9?$AAm?$AAs?$AA?9?$AAw?$AAi?$AAn?$AA?9?$AAc?$AAo?$AAr?$AAe@ 000000018000eeb0     libucrt:winapi_thunks.obj
 0002:00001ef0       ??_C@_1EI@MPIAOHOC@?$AAa?$AAp?$AAi?$AA?9?$AAm?$AAs?$AA?9?$AAw?$AAi?$AAn?$AA?9?$AAc?$AAo?$AAr?$AAe@ 000000018000eef0     libucrt:winapi_thunks.obj
 0002:00001f40       ??_C@_1FK@FPHCKFIE@?$AAa?$AAp?$AAi?$AA?9?$AAm?$AAs?$AA?9?$AAw?$AAi?$AAn?$AA?9?$AAc?$AAo?$AAr?$AAe@ 000000018000ef40     libucrt:winapi_thunks.obj
 0002:00001fa0       ??_C@_1EM@DILCGIIO@?$AAa?$AAp?$AAi?$AA?9?$AAm?$AAs?$AA?9?$AAw?$AAi?$AAn?$AA?9?$AAc?$AAo?$AAr?$AAe@ 000000018000efa0     libucrt:winapi_thunks.obj
 0002:00001ff0       ??_C@_1DM@LNCGDDPN@?$AAa?$AAp?$AAi?$AA?9?$AAm?$AAs?$AA?9?$AAw?$AAi?$AAn?$AA?9?$AAc?$AAo?$AAr?$AAe@ 000000018000eff0     libucrt:winapi_thunks.obj
 0002:00002030       ??_C@_1DO@FPAPJEMD@?$AAa?$AAp?$AAi?$AA?9?$AAm?$AAs?$AA?9?$AAw?$AAi?$AAn?$AA?9?$AAc?$AAo?$AAr?$AAe@ 000000018000f030     libucrt:winapi_thunks.obj
 0002:00002070       ??_C@_1DK@NDHNAHIO@?$AAa?$AAp?$AAi?$AA?9?$AAm?$AAs?$AA?9?$AAw?$AAi?$AAn?$AA?9?$AAc?$AAo?$AAr?$AAe@ 000000018000f070     libucrt:winapi_thunks.obj
 0002:000020b0       ??_C@_1DM@KGHDGBCM@?$AAa?$AAp?$AAi?$AA?9?$AAm?$AAs?$AA?9?$AAw?$AAi?$AAn?$AA?9?$AAc?$AAo?$AAr?$AAe@ 000000018000f0b0     libucrt:winapi_thunks.obj
 0002:000020f0       ??_C@_1EO@IJIOEFOH@?$AAa?$AAp?$AAi?$AA?9?$AAm?$AAs?$AA?9?$AAw?$AAi?$AAn?$AA?9?$AAr?$AAt?$AAc?$AAo@ 000000018000f0f0     libucrt:winapi_thunks.obj
 0002:00002140       ??_C@_1FG@HHGEKANL@?$AAa?$AAp?$AAi?$AA?9?$AAm?$AAs?$AA?9?$AAw?$AAi?$AAn?$AA?9?$AAs?$AAe?$AAc?$AAu@ 000000018000f140     libucrt:winapi_thunks.obj
 0002:000021a0       ??_C@_1EG@DBIOJECG@?$AAe?$AAx?$AAt?$AA?9?$AAm?$AAs?$AA?9?$AAw?$AAi?$AAn?$AA?9?$AAn?$AAt?$AAu?$AAs@ 000000018000f1a0     libucrt:winapi_thunks.obj
 0002:000021f0       ??_C@_1EO@FIHMJCLF@?$AAe?$AAx?$AAt?$AA?9?$AAm?$AAs?$AA?9?$AAw?$AAi?$AAn?$AA?9?$AAn?$AAt?$AAu?$AAs@ 000000018000f1f0     libucrt:winapi_thunks.obj
 0002:00002240       ??_C@_1BC@DNHGCMLG@?$AAa?$AAd?$AAv?$AAa?$AAp?$AAi?$AA3?$AA2@ 000000018000f240     libucrt:winapi_thunks.obj
 0002:00002258       ??_C@_1M@OAIMIKLP@?$AAn?$AAt?$AAd?$AAl?$AAl@ 000000018000f258     libucrt:winapi_thunks.obj
 0002:00002270       ??_C@_1EG@DPGNFKGC@?$AAa?$AAp?$AAi?$AA?9?$AAm?$AAs?$AA?9?$AAw?$AAi?$AAn?$AA?9?$AAa?$AAp?$AAp?$AAm@ 000000018000f270     libucrt:winapi_thunks.obj
 0002:000022b8       ??_C@_1O@BCCLBEOE@?$AAu?$AAs?$AAe?$AAr?$AA3?$AA2@ 000000018000f2b8     libucrt:winapi_thunks.obj
 0002:000022c8       ??_C@_1BA@IAIFMGEF@?$AAe?$AAx?$AAt?$AA?9?$AAm?$AAs?$AA?9@ 000000018000f2c8     libucrt:winapi_thunks.obj
 0002:000022e0       ??_C@_0BA@FHFNEAED@AreFileApisANSI@ 000000018000f2e0     libucrt:winapi_thunks.obj
 0002:00002320       ??_C@_0O@KKBNKAPF@LCMapStringEx@ 000000018000f320     libucrt:winapi_thunks.obj
 0002:00002338       ??_C@_0BB@HBDEELFH@LocaleNameToLCID@ 000000018000f338     libucrt:winapi_thunks.obj
 0002:00002350       ??_C@_0CF@OJOFEIGO@AppPolicyGetProcessTerminationM@ 000000018000f350     libucrt:winapi_thunks.obj
 0002:00002380       __newctype                 000000018000f380     libucrt:ctype.obj
 0002:00002680       __newclmap                 000000018000f680     libucrt:ctype.obj
 0002:00002800       __newcumap                 000000018000f800     libucrt:ctype.obj
 0002:00002980       ??_C@_15PJPFLCCM@?$AAu?$AAk@ 000000018000f980     libucrt:get_qualified_locale.obj
 0002:000037d0       ??_C@_15EMKDOKLE@?$AAa?$AAr@ 00000001800107d0     libucrt:lcidtoname_downlevel.obj
 0002:000037d8       ??_C@_15KNPADPLH@?$AAb?$AAg@ 00000001800107d8     libucrt:lcidtoname_downlevel.obj
 0002:000037e0       ??_C@_15EDMHLDMO@?$AAc?$AAa@ 00000001800107e0     libucrt:lcidtoname_downlevel.obj
 0002:000037e8       ??_C@_1O@BPEAJADD@?$AAz?$AAh?$AA?9?$AAC?$AAH?$AAS@ 00000001800107e8     libucrt:lcidtoname_downlevel.obj
 0002:000037f8       ??_C@_15LJNHCMNK@?$AAc?$AAs@ 00000001800107f8     libucrt:lcidtoname_downlevel.obj
 0002:00003800       ??_C@_15FOMCIDHG@?$AAd?$AAa@ 0000000180010800     libucrt:lcidtoname_downlevel.obj
 0002:00003808       ??_C@_15NBKABECB@?$AAd?$AAe@ 0000000180010808     libucrt:lcidtoname_downlevel.obj
 0002:00003810       ??_C@_15GHPEIIAO@?$AAe?$AAl@ 0000000180010810     libucrt:lcidtoname_downlevel.obj
 0002:00003818       ??_C@_15MNPNEAIF@?$AAe?$AAn@ 0000000180010818     libucrt:lcidtoname_downlevel.obj
 0002:00003820       ??_C@_15GPIOMPMH@?$AAe?$AAs@ 0000000180010820     libucrt:lcidtoname_downlevel.obj
 0002:00003828       ??_C@_15NGLOAKJC@?$AAf?$AAi@ 0000000180010828     libucrt:lcidtoname_downlevel.obj
 0002:00003830       ??_C@_15FBKGNKAM@?$AAf?$AAr@ 0000000180010830     libucrt:lcidtoname_downlevel.obj
 0002:00003838       ??_C@_15KGGCNEFK@?$AAh?$AAe@ 0000000180010838     libucrt:lcidtoname_downlevel.obj
 0002:00003840       ??_C@_15PGHLIDMF@?$AAh?$AAu@ 0000000180010840     libucrt:lcidtoname_downlevel.obj
 0002:00003848       ??_C@_15BIEMAPLM@?$AAi?$AAs@ 0000000180010848     libucrt:lcidtoname_downlevel.obj
 0002:00003850       ??_C@_15IFJLDHAF@?$AAi?$AAt@ 0000000180010850     libucrt:lcidtoname_downlevel.obj
 0002:00003858       ??_C@_15GEMIOCAG@?$AAj?$AAa@ 0000000180010858     libucrt:lcidtoname_downlevel.obj
 0002:00003860       ??_C@_15EPELEGJA@?$AAk?$AAo@ 0000000180010860     libucrt:lcidtoname_downlevel.obj
 0002:00003868       ??_C@_15NDDHIMN@?$AAn?$AAl@ 0000000180010868     libucrt:lcidtoname_downlevel.obj
 0002:00003870       ??_C@_15BPIGNHCD@?$AAn?$AAo@ 0000000180010870     libucrt:lcidtoname_downlevel.obj
 0002:00003878       ??_C@_15DEOPBLCG@?$AAp?$AAl@ 0000000180010878     libucrt:lcidtoname_downlevel.obj
 0002:00003880       ??_C@_15KBECGEFG@?$AAp?$AAt@ 0000000180010880     libucrt:lcidtoname_downlevel.obj
 0002:00003888       ??_C@_15GLJCBFMD@?$AAr?$AAo@ 0000000180010888     libucrt:lcidtoname_downlevel.obj
 0002:00003890       ??_C@_15FEDGKCDI@?$AAr?$AAu@ 0000000180010890     libucrt:lcidtoname_downlevel.obj
 0002:00003898       ??_C@_15GLKMLLHM@?$AAh?$AAr@ 0000000180010898     libucrt:lcidtoname_downlevel.obj
 0002:000038a0       ??_C@_15CPKMFBDB@?$AAs?$AAk@ 00000001800108a0     libucrt:lcidtoname_downlevel.obj
 0002:000038a8       ??_C@_15BAAIOGMK@?$AAs?$AAq@ 00000001800108a8     libucrt:lcidtoname_downlevel.obj
 0002:000038b0       ??_C@_15INNPNOHD@?$AAs?$AAv@ 00000001800108b0     libucrt:lcidtoname_downlevel.obj
 0002:000038b8       ??_C@_15CABMMOGH@?$AAt?$AAh@ 00000001800108b8     libucrt:lcidtoname_downlevel.obj
 0002:000038c0       ??_C@_15BPLIHJJM@?$AAt?$AAr@ 00000001800108c0     libucrt:lcidtoname_downlevel.obj
 0002:000038c8       ??_C@_15NEOEKKDJ@?$AAu?$AAr@ 00000001800108c8     libucrt:lcidtoname_downlevel.obj
 0002:000038d0       ??_C@_15NFICGAJK@?$AAi?$AAd@ 00000001800108d0     libucrt:lcidtoname_downlevel.obj
 0002:000038d8       ??_C@_15HPJPHDM@?$AAb?$AAe@ 00000001800108d8     libucrt:lcidtoname_downlevel.obj
 0002:000038e0       ??_C@_15LCHLGJII@?$AAs?$AAl@ 00000001800108e0     libucrt:lcidtoname_downlevel.obj
 0002:000038e8       ??_C@_15PCFJPHHO@?$AAe?$AAt@ 00000001800108e8     libucrt:lcidtoname_downlevel.obj
 0002:000038f0       ??_C@_15HPFPGODN@?$AAl?$AAv@ 00000001800108f0     libucrt:lcidtoname_downlevel.obj
 0002:000038f8       ??_C@_15NFFGKGLG@?$AAl?$AAt@ 00000001800108f8     libucrt:lcidtoname_downlevel.obj
 0002:00003900       ??_C@_15BDAKCCHN@?$AAf?$AAa@ 0000000180010900     libucrt:lcidtoname_downlevel.obj
 0002:00003908       ??_C@_15NFGIAIAJ@?$AAv?$AAi@ 0000000180010908     libucrt:lcidtoname_downlevel.obj
 0002:00003910       ??_C@_15LMKNDMHN@?$AAh?$AAy@ 0000000180010910     libucrt:lcidtoname_downlevel.obj
 0002:00003918       ??_C@_15IJBHMCFL@?$AAa?$AAz@ 0000000180010918     libucrt:lcidtoname_downlevel.obj
 0002:00003920       ??_C@_15EKOFJABL@?$AAe?$AAu@ 0000000180010920     libucrt:lcidtoname_downlevel.obj
 0002:00003928       ??_C@_15BGHADCNK@?$AAm?$AAk@ 0000000180010928     libucrt:lcidtoname_downlevel.obj
 0002:00003930       ??_C@_15JDNICKHM@?$AAa?$AAf@ 0000000180010930     libucrt:lcidtoname_downlevel.obj
 0002:00003938       ??_C@_15KPJEDBKD@?$AAk?$AAa@ 0000000180010938     libucrt:lcidtoname_downlevel.obj
 0002:00003940       ??_C@_15PDNFFFEO@?$AAf?$AAo@ 0000000180010940     libucrt:lcidtoname_downlevel.obj
 0002:00003948       ??_C@_15OMLEGLOC@?$AAh?$AAi@ 0000000180010948     libucrt:lcidtoname_downlevel.obj
 0002:00003950       ??_C@_15IDNNENKK@?$AAm?$AAs@ 0000000180010950     libucrt:lcidtoname_downlevel.obj
 0002:00003958       ??_C@_15MACJNBMH@?$AAk?$AAk@ 0000000180010958     libucrt:lcidtoname_downlevel.obj
 0002:00003960       ??_C@_15DKDJEOND@?$AAk?$AAy@ 0000000180010960     libucrt:lcidtoname_downlevel.obj
 0002:00003968       ??_C@_15DFGDLJBG@?$AAs?$AAw@ 0000000180010968     libucrt:lcidtoname_downlevel.obj
 0002:00003970       ??_C@_15BBFAICNG@?$AAu?$AAz@ 0000000180010970     libucrt:lcidtoname_downlevel.obj
 0002:00003978       ??_C@_15DKNDCGEA@?$AAt?$AAt@ 0000000180010978     libucrt:lcidtoname_downlevel.obj
 0002:00003980       ??_C@_15MGIFMDPL@?$AAp?$AAa@ 0000000180010980     libucrt:lcidtoname_downlevel.obj
 0002:00003988       ??_C@_15HCNDBBA@?$AAg?$AAu@ 0000000180010988     libucrt:lcidtoname_downlevel.obj
 0002:00003990       ??_C@_15FNBEIBON@?$AAt?$AAa@ 0000000180010990     libucrt:lcidtoname_downlevel.obj
 0002:00003998       ??_C@_15NCHGBGLK@?$AAt?$AAe@ 0000000180010998     libucrt:lcidtoname_downlevel.obj
 0002:000039a0       ??_C@_15PHPHCBPF@?$AAk?$AAn@ 00000001800109a0     libucrt:lcidtoname_downlevel.obj
 0002:000039a8       ??_C@_15DLGBCKMP@?$AAm?$AAr@ 00000001800109a8     libucrt:lcidtoname_downlevel.obj
 0002:000039b0       ??_C@_15EABBLBFF@?$AAs?$AAa@ 00000001800109b0     libucrt:lcidtoname_downlevel.obj
 0002:000039b8       ??_C@_15CBKOMCOI@?$AAm?$AAn@ 00000001800109b8     libucrt:lcidtoname_downlevel.obj
 0002:000039c0       ??_C@_15CKDMCJAF@?$AAg?$AAl@ 00000001800109c0     libucrt:lcidtoname_downlevel.obj
 0002:000039c8       ??_C@_17CNJFBPG@?$AAk?$AAo?$AAk@ 00000001800109c8     libucrt:lcidtoname_downlevel.obj
 0002:000039d0       ??_C@_17FFBJICPL@?$AAs?$AAy?$AAr@ 00000001800109d0     libucrt:lcidtoname_downlevel.obj
 0002:000039d8       ??_C@_17KPNDCPAF@?$AAd?$AAi?$AAv@ 00000001800109d8     libucrt:lcidtoname_downlevel.obj
 0002:000039e0       ??_C@_11LOCGONAA@@         00000001800109e0     libucrt:lcidtoname_downlevel.obj
 0002:000039e8       ??_C@_1M@OKAHONE@?$AAa?$AAr?$AA?9?$AAS?$AAA@ 00000001800109e8     libucrt:lcidtoname_downlevel.obj
 0002:000039f8       ??_C@_1M@FFFIGIGK@?$AAb?$AAg?$AA?9?$AAB?$AAG@ 00000001800109f8     libucrt:lcidtoname_downlevel.obj
 0002:00003a08       ??_C@_1M@BJNKEDC@?$AAc?$AAa?$AA?9?$AAE?$AAS@ 0000000180010a08     libucrt:lcidtoname_downlevel.obj
 0002:00003a18       ??_C@_1M@IJJHFJHA@?$AAc?$AAs?$AA?9?$AAC?$AAZ@ 0000000180010a18     libucrt:lcidtoname_downlevel.obj
 0002:00003a28       ??_C@_1M@CLPEOBGI@?$AAd?$AAa?$AA?9?$AAD?$AAK@ 0000000180010a28     libucrt:lcidtoname_downlevel.obj
 0002:00003a38       ??_C@_1M@MCMADGCB@?$AAd?$AAe?$AA?9?$AAD?$AAE@ 0000000180010a38     libucrt:lcidtoname_downlevel.obj
 0002:00003a48       ??_C@_1M@OOCKEMAM@?$AAe?$AAl?$AA?9?$AAG?$AAR@ 0000000180010a48     libucrt:lcidtoname_downlevel.obj
 0002:00003a58       ??_C@_1M@DDNJFGID@?$AAf?$AAi?$AA?9?$AAF?$AAI@ 0000000180010a58     libucrt:lcidtoname_downlevel.obj
 0002:00003a68       ??_C@_1M@GLIPPMAC@?$AAf?$AAr?$AA?9?$AAF?$AAR@ 0000000180010a68     libucrt:lcidtoname_downlevel.obj
 0002:00003a78       ??_C@_1M@GFMCHPE@?$AAh?$AAe?$AA?9?$AAI?$AAL@ 0000000180010a78     libucrt:lcidtoname_downlevel.obj
 0002:00003a88       ??_C@_1M@MHLPGNKM@?$AAh?$AAu?$AA?9?$AAH?$AAU@ 0000000180010a88     libucrt:lcidtoname_downlevel.obj
 0002:00003a98       ??_C@_1M@LPDDNNPN@?$AAi?$AAs?$AA?9?$AAI?$AAS@ 0000000180010a98     libucrt:lcidtoname_downlevel.obj
 0002:00003aa8       ??_C@_1M@MADIPODN@?$AAi?$AAt?$AA?9?$AAI?$AAT@ 0000000180010aa8     libucrt:lcidtoname_downlevel.obj
 0002:00003ab8       ??_C@_1M@IHBJJGG@?$AAn?$AAl?$AA?9?$AAN?$AAL@ 0000000180010ab8     libucrt:lcidtoname_downlevel.obj
 0002:00003ac8       ??_C@_1M@EANAGDL@?$AAn?$AAb?$AA?9?$AAN?$AAO@ 0000000180010ac8     libucrt:lcidtoname_downlevel.obj
 0002:00003ad8       ??_C@_1M@NEIEMEGP@?$AAp?$AAl?$AA?9?$AAP?$AAL@ 0000000180010ad8     libucrt:lcidtoname_downlevel.obj
 0002:00003ae8       ??_C@_1M@BOCFIGEP@?$AAp?$AAt?$AA?9?$AAB?$AAR@ 0000000180010ae8     libucrt:lcidtoname_downlevel.obj
 0002:00003af8       ??_C@_1M@IMPFOPBG@?$AAr?$AAo?$AA?9?$AAR?$AAO@ 0000000180010af8     libucrt:lcidtoname_downlevel.obj
 0002:00003b08       ??_C@_1M@IDNNEJMM@?$AAr?$AAu?$AA?9?$AAR?$AAU@ 0000000180010b08     libucrt:lcidtoname_downlevel.obj
 0002:00003b18       ??_C@_1M@LILEEOGM@?$AAh?$AAr?$AA?9?$AAH?$AAR@ 0000000180010b18     libucrt:lcidtoname_downlevel.obj
 0002:00003b28       ??_C@_1M@FKIFEHPB@?$AAs?$AAk?$AA?9?$AAS?$AAK@ 0000000180010b28     libucrt:lcidtoname_downlevel.obj
 0002:00003b38       ??_C@_1M@LJMAMNPJ@?$AAs?$AAq?$AA?9?$AAA?$AAL@ 0000000180010b38     libucrt:lcidtoname_downlevel.obj
 0002:00003b48       ??_C@_1M@GIAKDKJK@?$AAs?$AAv?$AA?9?$AAS?$AAE@ 0000000180010b48     libucrt:lcidtoname_downlevel.obj
 0002:00003b58       ??_C@_1M@MKJKIKCL@?$AAt?$AAh?$AA?9?$AAT?$AAH@ 0000000180010b58     libucrt:lcidtoname_downlevel.obj
 0002:00003b68       ??_C@_1M@MFLCCMPB@?$AAt?$AAr?$AA?9?$AAT?$AAR@ 0000000180010b68     libucrt:lcidtoname_downlevel.obj
 0002:00003b78       ??_C@_1M@OIJHDKJN@?$AAu?$AAr?$AA?9?$AAP?$AAK@ 0000000180010b78     libucrt:lcidtoname_downlevel.obj
 0002:00003b88       ??_C@_1M@LHIPCIEK@?$AAi?$AAd?$AA?9?$AAI?$AAD@ 0000000180010b88     libucrt:lcidtoname_downlevel.obj
 0002:00003b98       ??_C@_1M@MFMOBGI@?$AAu?$AAk?$AA?9?$AAU?$AAA@ 0000000180010b98     libucrt:lcidtoname_downlevel.obj
[...]
 0002:000085f0       $unwind$__acrt_DownlevelLocaleNameToLCID 00000001800155f0     libucrt:lcidtoname_downlevel.obj
 0002:000085f0       $unwind$??R<lambda_f03950bc5685219e0bcd2087efbe011e>@@QEBAHXZ 00000001800155f0     libucrt:onexit.obj
 0002:00008608       $unwind$??$?RV<lambda_7777bce6b2f8c936911f934f8298dc43>@@AEAV<lambda_f03950bc5685219e0bcd2087efbe011e>@@V<lambda_3883c3dff614d5e0c5f61bb1ac94921c>@@@?$__crt_seh_guarded_call@H@@QEAAH$$QEAV<lambda_7777bce6b2f8c936911f934f8298dc43>@@AEAV<lambda_f03950bc5685219e0bcd2087efbe011e>@@$$QEAV<lambda_3883c3dff614d5e0c5f61bb1ac94921c>@@@Z 0000000180015608     libucrt:onexit.obj
 0002:0000862c       $unwind$terminate          000000018001562c     libucrt:terminate.obj
 0002:00008650       $xdatasym                  0000000180015650     libucrt:strncmp.obj
 0002:00008654       $unwind$_free_base         0000000180015654     libucrt:free_base.obj
 0002:00008654       $unwind$?destroy_fls@@YAXPEAX@Z 0000000180015654     libucrt:per_thread_data.obj
 0002:00008654       $unwind$__acrt_locale_free_numeric 0000000180015654     libucrt:initnum.obj
 0002:00008654       $unwind$__acrt_locale_free_lc_time_if_unreferenced 0000000180015654     libucrt:locale_refcounting.obj
 0002:0000865c       $unwind$?construct_ptd_array@@YAXQEAU__acrt_ptd@@@Z 000000018001565c     libucrt:per_thread_data.obj
 0002:00008664       $unwind$?destroy_ptd_array@@YAXQEAU__acrt_ptd@@@Z 0000000180015664     libucrt:per_thread_data.obj
 0002:0000866c       $unwind$??$?RV<lambda_0ae27a3a962d80f24befdcbee591983d>@@AEAV<lambda_8d0ee55de4b1038c4002e0adecdf1839>@@V<lambda_dc504788e8f1664fe9b84e20bfb512f2>@@@?$__crt_seh_guarded_call@X@@QEAAX$$QEAV<lambda_0ae27a3a962d80f24befdcbee591983d>@@AEAV<lambda_8d0ee55de4b1038c4002e0adecdf1839>@@$$QEAV<lambda_dc504788e8f1664fe9b84e20bfb512f2>@@@Z 000000018001566c     libucrt:per_thread_data.obj
 0002:00008690       $unwind$??$?RV<lambda_aa87e3671a710a21b5dc78c0bdf72e11>@@AEAV<lambda_92619d2358a28f41a33ba319515a20b9>@@V<lambda_6992ecaafeb10aed2b74cb1fae11a551>@@@?$__crt_seh_guarded_call@X@@QEAAX$$QEAV<lambda_aa87e3671a710a21b5dc78c0bdf72e11>@@AEAV<lambda_92619d2358a28f41a33ba319515a20b9>@@$$QEAV<lambda_6992ecaafeb10aed2b74cb1fae11a551>@@@Z 0000000180015690     libucrt:per_thread_data.obj
 0002:000086b4       $unwind$??$?RV<lambda_f2e299630e499de9f9a165e60fcd3db5>@@AEAV<lambda_2ae9d31cdba2644fcbeaf08da7c24588>@@V<lambda_40d01ff24d0e7b3814fdbdcee8eab3c7>@@@?$__crt_seh_guarded_call@X@@QEAAX$$QEAV<lambda_f2e299630e499de9f9a165e60fcd3db5>@@AEAV<lambda_2ae9d31cdba2644fcbeaf08da7c24588>@@$$QEAV<lambda_40d01ff24d0e7b3814fdbdcee8eab3c7>@@@Z 00000001800156b4     libucrt:per_thread_data.obj
 0002:000086d8       $unwind$??$?RV<lambda_2d41944a1d46af3157314b8a01080d33>@@AEAV<lambda_8f455de75cd7d7f24b4096f044d8b9e6>@@V<lambda_aa500f224e6afead328df44964fe2772>@@@?$__crt_seh_guarded_call@X@@QEAAX$$QEAV<lambda_2d41944a1d46af3157314b8a01080d33>@@AEAV<lambda_8f455de75cd7d7f24b4096f044d8b9e6>@@$$QEAV<lambda_aa500f224e6afead328df44964fe2772>@@@Z 00000001800156d8     libucrt:per_thread_data.obj
 0002:000086fc       $unwind$__acrt_uninitialize_locale 00000001800156fc     libucrt:wsetlocale.obj
 0002:000086fc       $unwind$__acrt_get_sigabrt_handler 00000001800156fc     libucrt:signal.obj
 0002:00008704       $unwind$??$?RV<lambda_410d79af7f07d98d83a3f525b3859a53>@@AEAV<lambda_3e16ef9562a7dcce91392c22ab16ea36>@@V<lambda_38119f0e861e05405d8a144b9b982f0a>@@@?$__crt_seh_guarded_call@X@@QEAAX$$QEAV<lambda_410d79af7f07d98d83a3f525b3859a53>@@AEAV<lambda_3e16ef9562a7dcce91392c22ab16ea36>@@$$QEAV<lambda_38119f0e861e05405d8a144b9b982f0a>@@@Z 0000000180015704     libucrt:wsetlocale.obj
 0002:0000872c       $unwind$??$__acrt_mbs_to_wcs_cp@U__crt_win32_buffer_internal_dynamic_resizing@@@@YAHQEBDAEAV?$__crt_win32_buffer@_WU__crt_win32_buffer_internal_dynamic_resizing@@@@I@Z 000000018001572c     libucrt:argv_wildcards.obj
 0002:00008744       $unwind$__dcrt_get_narrow_environment_from_os 0000000180015744     libucrt:get_environment_from_os.obj
 0002:00008744       $unwind$??$__acrt_wcs_to_mbs_cp@U__crt_win32_buffer_internal_dynamic_resizing@@@@YAHQEB_WAEAV?$__crt_win32_buffer@DU__crt_win32_buffer_internal_dynamic_resizing@@@@I@Z 0000000180015744     libucrt:argv_wildcards.obj
 0002:0000875c       $unwind$??$common_expand_argv_wildcards@D@@YAHQEAPEADQEAPEAPEAD@Z 000000018001575c     libucrt:argv_wildcards.obj
 0002:00008774       $unwind$??$copy_and_add_argument_to_buffer@D@@YAHQEBD0_KAEAV?$argument_list@D@?A0x5f5c8891@@@Z 0000000180015774     libucrt:argv_wildcards.obj
 0002:00008790       $unwind$??$expand_argument_wildcards@D@@YAHQEAD0AEAV?$argument_list@D@?A0x5f5c8891@@@Z 0000000180015790     libucrt:argv_wildcards.obj
 0002:000087b4       $unwind$__acrt_GetModuleFileNameA 00000001800157b4     libucrt:getmodulefilenamea.obj
 0002:000087d0       $unwind$__dcrt_write_console 00000001800157d0     libucrt:initcon.obj
 0002:000087d0       $unwind$??$__acrt_wcs_to_mbs_cp@U__crt_win32_buffer_no_resizing@@@@YAHQEB_WAEAV?$__crt_win32_buffer@DU__crt_win32_buffer_no_resizing@@@@I@Z 00000001800157d0     libucrt:getmodulefilenamea.obj
 0002:000087e4       $unwind$_setmbcp_nolock    00000001800157e4     libucrt:mbctype.obj
 0002:00008804       $unwind$__dcrt_lowio_ensure_console_output_initialized 0000000180015804     libucrt:initcon.obj
 0002:00008804       $unwind$_isleadbyte_l      0000000180015804     libucrt:_wctype.obj
 0002:00008804       $unwind$?getSystemCP@@YAHH@Z 0000000180015804     libucrt:mbctype.obj
 0002:0000880c       $unwind$?update_thread_multibyte_data_internal@@YAPEAU__crt_multibyte_data@@QEAU__acrt_ptd@@QEAPEAU1@@Z 000000018001580c     libucrt:mbctype.obj
 0002:00008834       $unwind$?setmbcp_internal@@YAHH_NQEAU__acrt_ptd@@QEAPEAU__crt_multibyte_data@@@Z 0000000180015834     libucrt:mbctype.obj
 0002:00008844       $unwind$?setSBUpLow@@YAXPEAU__crt_multibyte_data@@@Z 0000000180015844     libucrt:mbctype.obj
 0002:00008860       $unwind$??$?RV<lambda_efdfa57d1f175319df784efa44bb7b81>@@AEAV<lambda_5f0a4c1567f8adc6734073e5d1e1b35c>@@V<lambda_2e8a7d3640ea6ccb4c2413664c2db6fd>@@@?$__crt_seh_guarded_call@X@@QEAAX$$QEAV<lambda_efdfa57d1f175319df784efa44bb7b81>@@AEAV<lambda_5f0a4c1567f8adc6734073e5d1e1b35c>@@$$QEAV<lambda_2e8a7d3640ea6ccb4c2413664c2db6fd>@@@Z 0000000180015860     libucrt:mbctype.obj
 0002:00008884       $unwind$?x_ismbbtype_l@@YAHPEAU__crt_locale_pointers@@IHH@Z 0000000180015884     libucrt:ismbbyte.obj
 0002:00008894       $unwind$__acrt_WideCharToMultiByte 0000000180015894     libucrt:widechartomultibyte.obj
 0002:000088a0       $unwind$__acrt_initialize_winapi_thunks 00000001800158a0     libucrt:winapi_thunks.obj
 0002:000088a8       $unwind$_mbtowc_l          00000001800158a8     libucrt:mbtowc.obj
 0002:000088a8       $unwind$__acrt_LCMapStringEx 00000001800158a8     libucrt:winapi_thunks.obj
 0002:000088bc       $unwind$__acrt_initialize_lowio 00000001800158bc     libucrt:ioinit.obj
 0002:000088dc       $unwind$?initialize_inherited_file_handles_nolock@@YAXXZ 00000001800158dc     libucrt:ioinit.obj
 0002:000088f8       $unwind$?initialize_stdio_handles_nolock@@YAXXZ 00000001800158f8     libucrt:ioinit.obj
 0002:000088f8       $unwind$__acrt_initialize_stdio 00000001800158f8     libucrt:_file.obj
 0002:00008910       $unwind$raise              0000000180015910     libucrt:signal.obj
 0002:0000894c       $unwind$??$?RV<lambda_450d765d439847d4c735a33c368b5fc0>@@AEAV<lambda_44731a7d0e6d81c3e6aa82d741081786>@@V<lambda_601a2a7da3b7a96e9554ac7215c4b07c>@@@?$__crt_seh_guarded_call@P6AXH@Z@@QEAAP6AXH@Z$$QEAV<lambda_450d765d439847d4c735a33c368b5fc0>@@AEAV<lambda_44731a7d0e6d81c3e6aa82d741081786>@@$$QEAV<lambda_601a2a7da3b7a96e9554ac7215c4b07c>@@@Z 000000018001594c     libucrt:signal.obj
 0002:00008970       $unwind$?common_flush_all@@YAH_N@Z 0000000180015970     libucrt:fflush.obj
 0002:00008978       $unwind$??$?RV<lambda_842d9ff0dc9ef11c61343bbaebe7f885>@@AEAV<lambda_c5860995281e5c4ce005b3de8f5874ee>@@V<lambda_d90129c13df834fdcbf8d2b88dafcf2d>@@@?$__crt_seh_guarded_call@X@@QEAAX$$QEAV<lambda_842d9ff0dc9ef11c61343bbaebe7f885>@@AEAV<lambda_c5860995281e5c4ce005b3de8f5874ee>@@$$QEAV<lambda_d90129c13df834fdcbf8d2b88dafcf2d>@@@Z 0000000180015978     libucrt:fflush.obj
 0002:0000899c       $unwind$??$?RV<lambda_886d6c58226a84441f68b9f2b8217b83>@@AEAV<lambda_ab61a845afdef5b7c387490eaf3616ee>@@V<lambda_f7f22ab5edc0698d5f6905b0d3f44752>@@@?$__crt_seh_guarded_call@X@@QEAAX$$QEAV<lambda_886d6c58226a84441f68b9f2b8217b83>@@AEAV<lambda_ab61a845afdef5b7c387490eaf3616ee>@@$$QEAV<lambda_f7f22ab5edc0698d5f6905b0d3f44752>@@@Z 000000018001599c     libucrt:fflush.obj
 0002:000089c4       $unwind$__acrt_update_thread_locale_data 00000001800159c4     libucrt:locale_refcounting.obj
 0002:000089e8       $unwind$__acrt_locale_free_monetary 00000001800159e8     libucrt:initmon.obj
 0002:000089f0       $unwind$__acrt_locale_free_time 00000001800159f0     libucrt:inittime.obj
 0002:00008a00       $unwind$__acrt_GetStringTypeA 0000000180015a00     libucrt:getstringtypea.obj
 0002:00008a28       $unwind$qsort              0000000180015a28     libucrt:qsort.obj
 0002:00008a40       $chain$4$qsort             0000000180015a40     libucrt:qsort.obj
 0002:00008a64       $chain$5$qsort             0000000180015a64     libucrt:qsort.obj
 0002:00008a74       $unwind$strpbrk            0000000180015a74     libucrt:strpbrk.obj
 0002:00008a84       $unwind$fallbackMethod     0000000180015a84     libucrt:strpbrk.obj
 0002:00008a94       $unwind$_mbsdec_l          0000000180015a94     libucrt:mbsdec.obj
 0002:00008aa0       $unwind$__acrt_LCMapStringA 0000000180015aa0     libucrt:lcmapstringa.obj
 0002:00008ab0       $unwind$?__acrt_LCMapStringA_stat@@YAHPEAU__crt_locale_pointers@@PEB_WKPEBDHPEADHHH@Z 0000000180015ab0     libucrt:lcmapstringa.obj
 0002:00008ad8       $unwind$__acrt_lowio_destroy_handle_array 0000000180015ad8     libucrt:osfinfo.obj
 0002:00008ae8       $unwind$__acrt_lowio_ensure_fh_exists 0000000180015ae8     libucrt:osfinfo.obj
 0002:00008b14       $unwind$_close             0000000180015b14     libucrt:close.obj
 0002:00008b14       $unwind$_commit            0000000180015b14     libucrt:commit.obj
 0002:00008b1c       $unwind$??$?RV<lambda_a37b2b86f63e897a80ea819b0eb08c01>@@AEAV<lambda_38ce7e780aa69e748d6df282ebc68efe>@@V<lambda_99fb1378e971ab6e7edea83e3a7a83a2>@@@?$__crt_seh_guarded_call@H@@QEAAH$$QEAV<lambda_a37b2b86f63e897a80ea819b0eb08c01>@@AEAV<lambda_38ce7e780aa69e748d6df282ebc68efe>@@$$QEAV<lambda_99fb1378e971ab6e7edea83e3a7a83a2>@@@Z 0000000180015b1c     libucrt:commit.obj
 0002:00008b40       $unwind$_write             0000000180015b40     libucrt:write.obj
 0002:00008b70       $unwind$_write_nolock      0000000180015b70     libucrt:write.obj
 0002:00008b88       $unwind$?write_double_translated_ansi_nolock@@YA?AUwrite_result@?A0x17268360@@HQEBDI@Z 0000000180015b88     libucrt:write.obj
 0002:00008bac       $unwind$?write_text_ansi_nolock@@YA?AUwrite_result@?A0x17268360@@HQEBDI@Z 0000000180015bac     libucrt:write.obj
 0002:00008bac       $unwind$?write_text_utf16le_nolock@@YA?AUwrite_result@?A0x17268360@@HQEBDI@Z 0000000180015bac     libucrt:write.obj
 0002:00008bcc       $unwind$?write_text_utf8_nolock@@YA?AUwrite_result@?A0x17268360@@HQEBDI@Z 0000000180015bcc     libucrt:write.obj
 0002:00008bf0       $unwind$_fcloseall         0000000180015bf0     libucrt:closeall.obj
 0002:00008c14       $unwind$?__mbrtowc_utf8@__crt_mbstring@@YA_KPEA_WPEBD_KPEAU_Mbstatet@@@Z 0000000180015c14     libucrt:mbrtowc.obj
 0002:00008c1c       $unwind$?__mbsrtowcs_utf8@__crt_mbstring@@YA_KPEA_WPEAPEBD_KPEAU_Mbstatet@@@Z 0000000180015c1c     libucrt:mbrtowc.obj
 0002:00008c34       $unwind$_putwch_nolock     0000000180015c34     libucrt:putwch.obj
 0002:00008c3c       $unwind$fclose             0000000180015c3c     libucrt:fclose.obj
 0002:00008c60       $unwind$?__mbrtoc32_utf8@__crt_mbstring@@YA_KPEA_UPEBD_KPEAU_Mbstatet@@@Z 0000000180015c60     libucrt:mbrtoc32.obj
 0002:00008c80       $xdatasym                  0000000180015c80     libucrt:log10.obj
 0002:00008c8c       $unwind$??$?RV<lambda_751a882b2c74d4b022dec766aa51a29a>@@AEAV<lambda_628dfdc04ba53c8bfc02c9951375f3f5>@@V<lambda_f6c7be5f7998530c34de24c7437d6b54>@@@?$__crt_seh_guarded_call@H@@QEAAH$$QEAV<lambda_751a882b2c74d4b022dec766aa51a29a>@@AEAV<lambda_628dfdc04ba53c8bfc02c9951375f3f5>@@$$QEAV<lambda_f6c7be5f7998530c34de24c7437d6b54>@@@Z 0000000180015c8c     libucrt:close.obj
 0002:00008cb0       $unwind$_call_matherr      0000000180015cb0     libucrt:libm_error.obj
 0002:00008cb8       $unwind$_handle_error      0000000180015cb8     libucrt:libm_error.obj
 0002:00008cd8       $unwind$__acrt_initialize_fma3 0000000180015cd8     libucrt:fma3_available.obj
 0002:00008ce0       $unwind$_log_special_common 0000000180015ce0     libucrt:log_special.obj
 0002:00008cf0       $xdatasym                  0000000180015cf0     libucrt:fpsr.obj
 0002:00008cf8       $unwind$_raise_exc_ex      0000000180015cf8     libucrt:fpexcept.obj
 0002:00008d0c       $unwind$_ctrlfp            0000000180015d0c     libucrt:fpctrl.obj
 0002:00008d34       $unwind$_IsNonwritableInCurrentImage 0000000180015d34     LIBCMT:pesect.obj
 0002:00008d58       $unwind$__GSHandlerCheckCommon 0000000180015d58     LIBCMT:gshandler.obj
 0002:00008d60       $xdatasym                  0000000180015d60     LIBCMT:chkstk.obj
 0002:00008d68       $xdatasym                  0000000180015d68     libvcruntime:memcmp.obj
 0002:00008e60       .edata                     0000000180015e60     networkmonitor.exp
 0002:00008e88       rgpv                       0000000180015e88     networkmonitor.exp
 0002:00008e8c       rgszName                   0000000180015e8c     networkmonitor.exp
 0002:00008e90       rgwOrd                     0000000180015e90     networkmonitor.exp
 0002:00008e92       szName                     0000000180015e92     networkmonitor.exp
 0002:00008ea6       $N00001                    0000000180015ea6     networkmonitor.exp
 0002:000091f0       .idata$6                   00000001800161f0     kernel32:KERNEL32.dll
 0002:000093f8       .idata$6                   00000001800163f8     iojs:node.dll
 0002:0000941e       .idata$6                   000000018001641e     wininet:WININET.dll
 0003:00000030       ?__vcrt_flsindex@@3KA      0000000180017030     libvcruntime:per_thread_data.obj
 0003:00000050       ?errno_no_memory@@3HA      0000000180017050     libucrt:errno.obj
 0003:00000054       ?doserrno_no_memory@@3KA   0000000180017054     libucrt:errno.obj
 0003:00000058       ?__acrt_flsindex@@3KA      0000000180017058     libucrt:per_thread_data.obj
 0003:00000400       _mbctypes                  0000000180017400     libucrt:mbctype.obj
 0003:00000510       _mbcasemaps                0000000180017510     libucrt:mbctype.obj
 0003:00000610       ?__rgctypeflag@@3PADA      0000000180017610     libucrt:mbctype.obj
 0003:00000620       ?__rgcode_page_info@@3PAUcode_page_info@@A 0000000180017620     libucrt:mbctype.obj
 0003:000009c0       ?__dcrt_lowio_console_output_handle@@3PEAXEA 00000001800179c0     libucrt:initcon.obj
 0003:000009d0       ?dazSupported@?1??_ctrlfp@@9@9 00000001800179d0     libucrt:fpctrl.obj
 0003:000009e0       _module                    00000001800179e0     networkMonitor.obj
 0003:00000ad0       ?__proc_attached@@3HA      0000000180017ad0     LIBCMT:dll_dllmain.obj
 0003:00000ae0       GS_ExceptionRecord         0000000180017ae0     LIBCMT:gs_report.obj
 0003:00000b80       GS_ContextRecord           0000000180017b80     LIBCMT:gs_report.obj
 0003:00001080       ?is_initialized_as_dll@@3_NA 0000000180018080     LIBCMT:utility.obj
 0003:00001081       ?module_local_atexit_table_initialized@@3_NA 0000000180018081     LIBCMT:utility.obj
 0003:00001088       ?module_local_atexit_table@@3U_onexit_table_t@@A 0000000180018088     LIBCMT:utility.obj
 0003:000010a0       ?module_local_at_quick_exit_table@@3U_onexit_table_t@@A 00000001800180a0     LIBCMT:utility.obj
 0003:00001108       ?heap@@3V_HeapManager@@A   0000000180018108     libvcruntime:undname.obj
 0003:00001130       ?__vcrt_startup_thread_ptd@@3U__vcrt_ptd@@A 0000000180018130     libvcruntime:per_thread_data.obj
 0003:000011b0       __vcrt_lock_table          00000001800181b0     libvcruntime:locks.obj
 0003:000011d8       __vcrt_locks_initialized   00000001800181d8     libvcruntime:locks.obj
 0003:000011e0       ?module_handles@@3PAPEAUHINSTANCE__@@A 00000001800181e0     libvcruntime:winapi_downlevel.obj
 0003:000011f8       ?function_pointers@@3PAPEAXA 00000001800181f8     libvcruntime:winapi_downlevel.obj
 0003:00001228       ?__acrt_invalid_parameter_handler@@3V?$dual_state_global@P6AXPEB_W00I_K@Z@__crt_state_management@@A 0000000180018228     libucrt:invalid_parameter.obj
 0003:00001230       ?__acrt_new_handler@@3V?$dual_state_global@P6AH_K@Z@__crt_state_management@@A 0000000180018230     libucrt:new_handler.obj
 0003:00001238       ?c_termination_complete@@3JA 0000000180018238     libucrt:exit.obj
 0003:00001240       ?thread_local_exit_callback_func@@3P6AXPEAXK0@ZEA 0000000180018240     libucrt:exit.obj
 0003:00001250       ?program_name@?1???$common_configure_argv@D@@YAHW4_crt_argv_mode@@@Z@4PADA 0000000180018250     libucrt:argv_parsing.obj
 0003:000013c0       ?__acrt_lock_table@@3PAU_RTL_CRITICAL_SECTION@@A 00000001800183c0     libucrt:locks.obj
 0003:000015f0       ?__acrt_locks_initialized@@3IA 00000001800185f0     libucrt:locks.obj
 0003:00001610       ?fSystemSet@@3HA           0000000180018610     libucrt:mbctype.obj
 0003:00001614       ?initialized@?1??__acrt_initialize_multibyte@@9@4_NA 0000000180018614     libucrt:mbctype.obj
 0003:00001650       ?module_handles@@3PAPEAUHINSTANCE__@@A 0000000180018650     libucrt:winapi_thunks.obj
 0003:000016f0       ?encoded_function_pointers@@3PAPEAXA 00000001800186f0     libucrt:winapi_thunks.obj
 0003:00001c18       ?ctrlc_action@@3V?$dual_state_global@P6AXH@Z@__crt_state_management@@A 0000000180018c18     libucrt:signal.obj
 0003:00001c20       ?ctrlbreak_action@@3V?$dual_state_global@P6AXH@Z@__crt_state_management@@A 0000000180018c20     libucrt:signal.obj
 0003:00001c28       ?abort_action@@3V?$dual_state_global@P6AXH@Z@__crt_state_management@@A 0000000180018c28     libucrt:signal.obj
 0003:00001c30       ?term_action@@3V?$dual_state_global@P6AXH@Z@__crt_state_management@@A 0000000180018c30     libucrt:signal.obj
 0003:00001c38       ?user_matherr@@3V?$dual_state_global@P6AHPEAU_exception@@@Z@__crt_state_management@@A 0000000180018c38     libucrt:matherr.obj
 0003:00001c60       ?internal_state@?1??_mbtowc_l@@9@4U_Mbstatet@@A 0000000180018c60     libucrt:mbtowc.obj
 0003:00001c70       ?__acrt_global_new_mode@@3V?$dual_state_global@J@__crt_state_management@@A 0000000180018c70     libucrt:new_mode.obj
 0003:00001c74       ?__acrt_app_type@@3W4_crt_app_type@@A 0000000180018c74     libucrt:report_runtime_error.obj
 0003:00001c78       ?internal_pst@?1??__mbrtoc32_utf8@__crt_mbstring@@YA_KPEA_UPEBD_KPEAU_Mbstatet@@@Z@4U3@A 0000000180018c78     libucrt:mbrtoc32.obj
 0005:00000000       SetSmall                   000000018001a000     libvcruntime:memset.obj
 0005:00000040       SetSmallYmm                000000018001a040     libvcruntime:memset.obj
 0005:00000064       SetSmallYmmNT              000000018001a064     libvcruntime:memset.obj
 0005:00000088       SetSmallXmm                000000018001a088     libvcruntime:memset.obj
 0005:000000b0       MoveSmall                  000000018001a0b0     libvcruntime:memcpy.obj
 0005:000000f0       MoveSmallYmm               000000018001a0f0     libvcruntime:memcpy.obj
 0005:00000114       MoveSmallYmmNT             000000018001a114     libvcruntime:memcpy.obj
 0005:00000138       MoveSmallXmm               000000018001a138     libvcruntime:memcpy.obj
 0006:00000060       $R000000                   000000018001b060     * linker generated manifest res *

 Exports

  ordinal    name

        1    _register_networkmonitor_
